11:15:12 **** Incremental Build of configuration Debug for project 19_I2C_Protocol ****
make -j8 all 
arm-none-eabi-gcc -mcpu=cortex-m4 -g3 -DDEBUG -c -x assembler-with-cpp -MMD -MP -MF"Startup/startup_stm32f411retx.d" -MT"Startup/startup_stm32f411retx.o" --specs=nano.specs -mfpu=fpv4-sp-d16 -mfloat-abi=hard -mthumb -o "Startup/startup_stm32f411retx.o" "../Startup/startup_stm32f411retx.s"
arm-none-eabi-gcc "../Src/main.c" -mcpu=cortex-m4 -std=gnu11 -g3 -DUSE_HAL_DRIVER -DSTM32F411xE -c -I../Inc -I"D:/Codes/Embedded Programming/Tutorials/HAL_API/19_I2C_Protocol/Drivers/CMSIS/Device/ST/STM32F4xx/Include" -I"D:/Codes/Embedded Programming/Tutorials/HAL_API/19_I2C_Protocol/Drivers/CMSIS/Include" -I"D:/Codes/Embedded Programming/Tutorials/HAL_API/19_I2C_Protocol/Drivers/STM32F4xx_HAL_Driver/Inc" -O0 -ffunction-sections -fdata-sections -Wall -fstack-usage -MMD -MP -MF"Src/main.d" -MT"Src/main.o" --specs=nano.specs -mfpu=fpv4-sp-d16 -mfloat-abi=hard -mthumb -o "Src/main.o"
arm-none-eabi-gcc "../Src/syscalls.c" -mcpu=cortex-m4 -std=gnu11 -g3 -DUSE_HAL_DRIVER -DSTM32F411xE -c -I../Inc -I"D:/Codes/Embedded Programming/Tutorials/HAL_API/19_I2C_Protocol/Drivers/CMSIS/Device/ST/STM32F4xx/Include" -I"D:/Codes/Embedded Programming/Tutorials/HAL_API/19_I2C_Protocol/Drivers/CMSIS/Include" -I"D:/Codes/Embedded Programming/Tutorials/HAL_API/19_I2C_Protocol/Drivers/STM32F4xx_HAL_Driver/Inc" -O0 -ffunction-sections -fdata-sections -Wall -fstack-usage -MMD -MP -MF"Src/syscalls.d" -MT"Src/syscalls.o" --specs=nano.specs -mfpu=fpv4-sp-d16 -mfloat-abi=hard -mthumb -o "Src/syscalls.o"
arm-none-eabi-gcc "../Src/sysmem.c" -mcpu=cortex-m4 -std=gnu11 -g3 -DUSE_HAL_DRIVER -DSTM32F411xE -c -I../Inc -I"D:/Codes/Embedded Programming/Tutorials/HAL_API/19_I2C_Protocol/Drivers/CMSIS/Device/ST/STM32F4xx/Include" -I"D:/Codes/Embedded Programming/Tutorials/HAL_API/19_I2C_Protocol/Drivers/CMSIS/Include" -I"D:/Codes/Embedded Programming/Tutorials/HAL_API/19_I2C_Protocol/Drivers/STM32F4xx_HAL_Driver/Inc" -O0 -ffunction-sections -fdata-sections -Wall -fstack-usage -MMD -MP -MF"Src/sysmem.d" -MT"Src/sysmem.o" --specs=nano.specs -mfpu=fpv4-sp-d16 -mfloat-abi=hard -mthumb -o "Src/sysmem.o"
arm-none-eabi-gcc "../Drivers/STM32F4xx_HAL_Driver/Src/Legacy/stm32f4xx_hal_can.c" -mcpu=cortex-m4 -std=gnu11 -g3 -DUSE_HAL_DRIVER -DSTM32F411xE -c -I../Inc -I"D:/Codes/Embedded Programming/Tutorials/HAL_API/19_I2C_Protocol/Drivers/CMSIS/Device/ST/STM32F4xx/Include" -I"D:/Codes/Embedded Programming/Tutorials/HAL_API/19_I2C_Protocol/Drivers/CMSIS/Include" -I"D:/Codes/Embedded Programming/Tutorials/HAL_API/19_I2C_Protocol/Drivers/STM32F4xx_HAL_Driver/Inc" -O0 -ffunction-sections -fdata-sections -Wall -fstack-usage -MMD -MP -MF"Drivers/STM32F4xx_HAL_Driver/Src/Legacy/stm32f4xx_hal_can.d" -MT"Drivers/STM32F4xx_HAL_Driver/Src/Legacy/stm32f4xx_hal_can.o" --specs=nano.specs -mfpu=fpv4-sp-d16 -mfloat-abi=hard -mthumb -o "Drivers/STM32F4xx_HAL_Driver/Src/Legacy/stm32f4xx_hal_can.o"
arm-none-eabi-gcc "../Drivers/STM32F4xx_HAL_Driver/Src/stm32f4xx_hal.c" -mcpu=cortex-m4 -std=gnu11 -g3 -DUSE_HAL_DRIVER -DSTM32F411xE -c -I../Inc -I"D:/Codes/Embedded Programming/Tutorials/HAL_API/19_I2C_Protocol/Drivers/CMSIS/Device/ST/STM32F4xx/Include" -I"D:/Codes/Embedded Programming/Tutorials/HAL_API/19_I2C_Protocol/Drivers/CMSIS/Include" -I"D:/Codes/Embedded Programming/Tutorials/HAL_API/19_I2C_Protocol/Drivers/STM32F4xx_HAL_Driver/Inc" -O0 -ffunction-sections -fdata-sections -Wall -fstack-usage -MMD -MP -MF"Drivers/STM32F4xx_HAL_Driver/Src/stm32f4xx_hal.d" -MT"Drivers/STM32F4xx_HAL_Driver/Src/stm32f4xx_hal.o" --specs=nano.specs -mfpu=fpv4-sp-d16 -mfloat-abi=hard -mthumb -o "Drivers/STM32F4xx_HAL_Driver/Src/stm32f4xx_hal.o"
arm-none-eabi-gcc "../Drivers/STM32F4xx_HAL_Driver/Src/stm32f4xx_hal_adc.c" -mcpu=cortex-m4 -std=gnu11 -g3 -DUSE_HAL_DRIVER -DSTM32F411xE -c -I../Inc -I"D:/Codes/Embedded Programming/Tutorials/HAL_API/19_I2C_Protocol/Drivers/CMSIS/Device/ST/STM32F4xx/Include" -I"D:/Codes/Embedded Programming/Tutorials/HAL_API/19_I2C_Protocol/Drivers/CMSIS/Include" -I"D:/Codes/Embedded Programming/Tutorials/HAL_API/19_I2C_Protocol/Drivers/STM32F4xx_HAL_Driver/Inc" -O0 -ffunction-sections -fdata-sections -Wall -fstack-usage -MMD -MP -MF"Drivers/STM32F4xx_HAL_Driver/Src/stm32f4xx_hal_adc.d" -MT"Drivers/STM32F4xx_HAL_Driver/Src/stm32f4xx_hal_adc.o" --specs=nano.specs -mfpu=fpv4-sp-d16 -mfloat-abi=hard -mthumb -o "Drivers/STM32F4xx_HAL_Driver/Src/stm32f4xx_hal_adc.o"
arm-none-eabi-gcc "../Drivers/STM32F4xx_HAL_Driver/Src/stm32f4xx_hal_adc_ex.c" -mcpu=cortex-m4 -std=gnu11 -g3 -DUSE_HAL_DRIVER -DSTM32F411xE -c -I../Inc -I"D:/Codes/Embedded Programming/Tutorials/HAL_API/19_I2C_Protocol/Drivers/CMSIS/Device/ST/STM32F4xx/Include" -I"D:/Codes/Embedded Programming/Tutorials/HAL_API/19_I2C_Protocol/Drivers/CMSIS/Include" -I"D:/Codes/Embedded Programming/Tutorials/HAL_API/19_I2C_Protocol/Drivers/STM32F4xx_HAL_Driver/Inc" -O0 -ffunction-sections -fdata-sections -Wall -fstack-usage -MMD -MP -MF"Drivers/STM32F4xx_HAL_Driver/Src/stm32f4xx_hal_adc_ex.d" -MT"Drivers/STM32F4xx_HAL_Driver/Src/stm32f4xx_hal_adc_ex.o" --specs=nano.specs -mfpu=fpv4-sp-d16 -mfloat-abi=hard -mthumb -o "Drivers/STM32F4xx_HAL_Driver/Src/stm32f4xx_hal_adc_ex.o"
arm-none-eabi-gcc "../Drivers/STM32F4xx_HAL_Driver/Src/stm32f4xx_hal_cortex.c" -mcpu=cortex-m4 -std=gnu11 -g3 -DUSE_HAL_DRIVER -DSTM32F411xE -c -I../Inc -I"D:/Codes/Embedded Programming/Tutorials/HAL_API/19_I2C_Protocol/Drivers/CMSIS/Device/ST/STM32F4xx/Include" -I"D:/Codes/Embedded Programming/Tutorials/HAL_API/19_I2C_Protocol/Drivers/CMSIS/Include" -I"D:/Codes/Embedded Programming/Tutorials/HAL_API/19_I2C_Protocol/Drivers/STM32F4xx_HAL_Driver/Inc" -O0 -ffunction-sections -fdata-sections -Wall -fstack-usage -MMD -MP -MF"Drivers/STM32F4xx_HAL_Driver/Src/stm32f4xx_hal_cortex.d" -MT"Drivers/STM32F4xx_HAL_Driver/Src/stm32f4xx_hal_cortex.o" --specs=nano.specs -mfpu=fpv4-sp-d16 -mfloat-abi=hard -mthumb -o "Drivers/STM32F4xx_HAL_Driver/Src/stm32f4xx_hal_cortex.o"
arm-none-eabi-gcc "../Drivers/STM32F4xx_HAL_Driver/Src/stm32f4xx_hal_dma.c" -mcpu=cortex-m4 -std=gnu11 -g3 -DUSE_HAL_DRIVER -DSTM32F411xE -c -I../Inc -I"D:/Codes/Embedded Programming/Tutorials/HAL_API/19_I2C_Protocol/Drivers/CMSIS/Device/ST/STM32F4xx/Include" -I"D:/Codes/Embedded Programming/Tutorials/HAL_API/19_I2C_Protocol/Drivers/CMSIS/Include" -I"D:/Codes/Embedded Programming/Tutorials/HAL_API/19_I2C_Protocol/Drivers/STM32F4xx_HAL_Driver/Inc" -O0 -ffunction-sections -fdata-sections -Wall -fstack-usage -MMD -MP -MF"Drivers/STM32F4xx_HAL_Driver/Src/stm32f4xx_hal_dma.d" -MT"Drivers/STM32F4xx_HAL_Driver/Src/stm32f4xx_hal_dma.o" --specs=nano.specs -mfpu=fpv4-sp-d16 -mfloat-abi=hard -mthumb -o "Drivers/STM32F4xx_HAL_Driver/Src/stm32f4xx_hal_dma.o"
arm-none-eabi-gcc "../Drivers/STM32F4xx_HAL_Driver/Src/stm32f4xx_hal_dma_ex.c" -mcpu=cortex-m4 -std=gnu11 -g3 -DUSE_HAL_DRIVER -DSTM32F411xE -c -I../Inc -I"D:/Codes/Embedded Programming/Tutorials/HAL_API/19_I2C_Protocol/Drivers/CMSIS/Device/ST/STM32F4xx/Include" -I"D:/Codes/Embedded Programming/Tutorials/HAL_API/19_I2C_Protocol/Drivers/CMSIS/Include" -I"D:/Codes/Embedded Programming/Tutorials/HAL_API/19_I2C_Protocol/Drivers/STM32F4xx_HAL_Driver/Inc" -O0 -ffunction-sections -fdata-sections -Wall -fstack-usage -MMD -MP -MF"Drivers/STM32F4xx_HAL_Driver/Src/stm32f4xx_hal_dma_ex.d" -MT"Drivers/STM32F4xx_HAL_Driver/Src/stm32f4xx_hal_dma_ex.o" --specs=nano.specs -mfpu=fpv4-sp-d16 -mfloat-abi=hard -mthumb -o "Drivers/STM32F4xx_HAL_Driver/Src/stm32f4xx_hal_dma_ex.o"
arm-none-eabi-gcc "../Drivers/STM32F4xx_HAL_Driver/Src/stm32f4xx_hal_flash.c" -mcpu=cortex-m4 -std=gnu11 -g3 -DUSE_HAL_DRIVER -DSTM32F411xE -c -I../Inc -I"D:/Codes/Embedded Programming/Tutorials/HAL_API/19_I2C_Protocol/Drivers/CMSIS/Device/ST/STM32F4xx/Include" -I"D:/Codes/Embedded Programming/Tutorials/HAL_API/19_I2C_Protocol/Drivers/CMSIS/Include" -I"D:/Codes/Embedded Programming/Tutorials/HAL_API/19_I2C_Protocol/Drivers/STM32F4xx_HAL_Driver/Inc" -O0 -ffunction-sections -fdata-sections -Wall -fstack-usage -MMD -MP -MF"Drivers/STM32F4xx_HAL_Driver/Src/stm32f4xx_hal_flash.d" -MT"Drivers/STM32F4xx_HAL_Driver/Src/stm32f4xx_hal_flash.o" --specs=nano.specs -mfpu=fpv4-sp-d16 -mfloat-abi=hard -mthumb -o "Drivers/STM32F4xx_HAL_Driver/Src/stm32f4xx_hal_flash.o"
arm-none-eabi-gcc "../Drivers/STM32F4xx_HAL_Driver/Src/stm32f4xx_hal_flash_ex.c" -mcpu=cortex-m4 -std=gnu11 -g3 -DUSE_HAL_DRIVER -DSTM32F411xE -c -I../Inc -I"D:/Codes/Embedded Programming/Tutorials/HAL_API/19_I2C_Protocol/Drivers/CMSIS/Device/ST/STM32F4xx/Include" -I"D:/Codes/Embedded Programming/Tutorials/HAL_API/19_I2C_Protocol/Drivers/CMSIS/Include" -I"D:/Codes/Embedded Programming/Tutorials/HAL_API/19_I2C_Protocol/Drivers/STM32F4xx_HAL_Driver/Inc" -O0 -ffunction-sections -fdata-sections -Wall -fstack-usage -MMD -MP -MF"Drivers/STM32F4xx_HAL_Driver/Src/stm32f4xx_hal_flash_ex.d" -MT"Drivers/STM32F4xx_HAL_Driver/Src/stm32f4xx_hal_flash_ex.o" --specs=nano.specs -mfpu=fpv4-sp-d16 -mfloat-abi=hard -mthumb -o "Drivers/STM32F4xx_HAL_Driver/Src/stm32f4xx_hal_flash_ex.o"
arm-none-eabi-gcc "../Drivers/STM32F4xx_HAL_Driver/Src/stm32f4xx_hal_flash_ramfunc.c" -mcpu=cortex-m4 -std=gnu11 -g3 -DUSE_HAL_DRIVER -DSTM32F411xE -c -I../Inc -I"D:/Codes/Embedded Programming/Tutorials/HAL_API/19_I2C_Protocol/Drivers/CMSIS/Device/ST/STM32F4xx/Include" -I"D:/Codes/Embedded Programming/Tutorials/HAL_API/19_I2C_Protocol/Drivers/CMSIS/Include" -I"D:/Codes/Embedded Programming/Tutorials/HAL_API/19_I2C_Protocol/Drivers/STM32F4xx_HAL_Driver/Inc" -O0 -ffunction-sections -fdata-sections -Wall -fstack-usage -MMD -MP -MF"Drivers/STM32F4xx_HAL_Driver/Src/stm32f4xx_hal_flash_ramfunc.d" -MT"Drivers/STM32F4xx_HAL_Driver/Src/stm32f4xx_hal_flash_ramfunc.o" --specs=nano.specs -mfpu=fpv4-sp-d16 -mfloat-abi=hard -mthumb -o "Drivers/STM32F4xx_HAL_Driver/Src/stm32f4xx_hal_flash_ramfunc.o"
arm-none-eabi-gcc "../Drivers/STM32F4xx_HAL_Driver/Src/stm32f4xx_hal_gpio.c" -mcpu=cortex-m4 -std=gnu11 -g3 -DUSE_HAL_DRIVER -DSTM32F411xE -c -I../Inc -I"D:/Codes/Embedded Programming/Tutorials/HAL_API/19_I2C_Protocol/Drivers/CMSIS/Device/ST/STM32F4xx/Include" -I"D:/Codes/Embedded Programming/Tutorials/HAL_API/19_I2C_Protocol/Drivers/CMSIS/Include" -I"D:/Codes/Embedded Programming/Tutorials/HAL_API/19_I2C_Protocol/Drivers/STM32F4xx_HAL_Driver/Inc" -O0 -ffunction-sections -fdata-sections -Wall -fstack-usage -MMD -MP -MF"Drivers/STM32F4xx_HAL_Driver/Src/stm32f4xx_hal_gpio.d" -MT"Drivers/STM32F4xx_HAL_Driver/Src/stm32f4xx_hal_gpio.o" --specs=nano.specs -mfpu=fpv4-sp-d16 -mfloat-abi=hard -mthumb -o "Drivers/STM32F4xx_HAL_Driver/Src/stm32f4xx_hal_gpio.o"
arm-none-eabi-gcc "../Drivers/STM32F4xx_HAL_Driver/Src/stm32f4xx_hal_i2c.c" -mcpu=cortex-m4 -std=gnu11 -g3 -DUSE_HAL_DRIVER -DSTM32F411xE -c -I../Inc -I"D:/Codes/Embedded Programming/Tutorials/HAL_API/19_I2C_Protocol/Drivers/CMSIS/Device/ST/STM32F4xx/Include" -I"D:/Codes/Embedded Programming/Tutorials/HAL_API/19_I2C_Protocol/Drivers/CMSIS/Include" -I"D:/Codes/Embedded Programming/Tutorials/HAL_API/19_I2C_Protocol/Drivers/STM32F4xx_HAL_Driver/Inc" -O0 -ffunction-sections -fdata-sections -Wall -fstack-usage -MMD -MP -MF"Drivers/STM32F4xx_HAL_Driver/Src/stm32f4xx_hal_i2c.d" -MT"Drivers/STM32F4xx_HAL_Driver/Src/stm32f4xx_hal_i2c.o" --specs=nano.specs -mfpu=fpv4-sp-d16 -mfloat-abi=hard -mthumb -o "Drivers/STM32F4xx_HAL_Driver/Src/stm32f4xx_hal_i2c.o"
arm-none-eabi-gcc "../Drivers/STM32F4xx_HAL_Driver/Src/stm32f4xx_hal_i2c_ex.c" -mcpu=cortex-m4 -std=gnu11 -g3 -DUSE_HAL_DRIVER -DSTM32F411xE -c -I../Inc -I"D:/Codes/Embedded Programming/Tutorials/HAL_API/19_I2C_Protocol/Drivers/CMSIS/Device/ST/STM32F4xx/Include" -I"D:/Codes/Embedded Programming/Tutorials/HAL_API/19_I2C_Protocol/Drivers/CMSIS/Include" -I"D:/Codes/Embedded Programming/Tutorials/HAL_API/19_I2C_Protocol/Drivers/STM32F4xx_HAL_Driver/Inc" -O0 -ffunction-sections -fdata-sections -Wall -fstack-usage -MMD -MP -MF"Drivers/STM32F4xx_HAL_Driver/Src/stm32f4xx_hal_i2c_ex.d" -MT"Drivers/STM32F4xx_HAL_Driver/Src/stm32f4xx_hal_i2c_ex.o" --specs=nano.specs -mfpu=fpv4-sp-d16 -mfloat-abi=hard -mthumb -o "Drivers/STM32F4xx_HAL_Driver/Src/stm32f4xx_hal_i2c_ex.o"
arm-none-eabi-gcc "../Drivers/STM32F4xx_HAL_Driver/Src/stm32f4xx_hal_pwr.c" -mcpu=cortex-m4 -std=gnu11 -g3 -DUSE_HAL_DRIVER -DSTM32F411xE -c -I../Inc -I"D:/Codes/Embedded Programming/Tutorials/HAL_API/19_I2C_Protocol/Drivers/CMSIS/Device/ST/STM32F4xx/Include" -I"D:/Codes/Embedded Programming/Tutorials/HAL_API/19_I2C_Protocol/Drivers/CMSIS/Include" -I"D:/Codes/Embedded Programming/Tutorials/HAL_API/19_I2C_Protocol/Drivers/STM32F4xx_HAL_Driver/Inc" -O0 -ffunction-sections -fdata-sections -Wall -fstack-usage -MMD -MP -MF"Drivers/STM32F4xx_HAL_Driver/Src/stm32f4xx_hal_pwr.d" -MT"Drivers/STM32F4xx_HAL_Driver/Src/stm32f4xx_hal_pwr.o" --specs=nano.specs -mfpu=fpv4-sp-d16 -mfloat-abi=hard -mthumb -o "Drivers/STM32F4xx_HAL_Driver/Src/stm32f4xx_hal_pwr.o"
arm-none-eabi-gcc "../Drivers/STM32F4xx_HAL_Driver/Src/stm32f4xx_hal_pwr_ex.c" -mcpu=cortex-m4 -std=gnu11 -g3 -DUSE_HAL_DRIVER -DSTM32F411xE -c -I../Inc -I"D:/Codes/Embedded Programming/Tutorials/HAL_API/19_I2C_Protocol/Drivers/CMSIS/Device/ST/STM32F4xx/Include" -I"D:/Codes/Embedded Programming/Tutorials/HAL_API/19_I2C_Protocol/Drivers/CMSIS/Include" -I"D:/Codes/Embedded Programming/Tutorials/HAL_API/19_I2C_Protocol/Drivers/STM32F4xx_HAL_Driver/Inc" -O0 -ffunction-sections -fdata-sections -Wall -fstack-usage -MMD -MP -MF"Drivers/STM32F4xx_HAL_Driver/Src/stm32f4xx_hal_pwr_ex.d" -MT"Drivers/STM32F4xx_HAL_Driver/Src/stm32f4xx_hal_pwr_ex.o" --specs=nano.specs -mfpu=fpv4-sp-d16 -mfloat-abi=hard -mthumb -o "Drivers/STM32F4xx_HAL_Driver/Src/stm32f4xx_hal_pwr_ex.o"
arm-none-eabi-gcc "../Drivers/STM32F4xx_HAL_Driver/Src/stm32f4xx_hal_rcc.c" -mcpu=cortex-m4 -std=gnu11 -g3 -DUSE_HAL_DRIVER -DSTM32F411xE -c -I../Inc -I"D:/Codes/Embedded Programming/Tutorials/HAL_API/19_I2C_Protocol/Drivers/CMSIS/Device/ST/STM32F4xx/Include" -I"D:/Codes/Embedded Programming/Tutorials/HAL_API/19_I2C_Protocol/Drivers/CMSIS/Include" -I"D:/Codes/Embedded Programming/Tutorials/HAL_API/19_I2C_Protocol/Drivers/STM32F4xx_HAL_Driver/Inc" -O0 -ffunction-sections -fdata-sections -Wall -fstack-usage -MMD -MP -MF"Drivers/STM32F4xx_HAL_Driver/Src/stm32f4xx_hal_rcc.d" -MT"Drivers/STM32F4xx_HAL_Driver/Src/stm32f4xx_hal_rcc.o" --specs=nano.specs -mfpu=fpv4-sp-d16 -mfloat-abi=hard -mthumb -o "Drivers/STM32F4xx_HAL_Driver/Src/stm32f4xx_hal_rcc.o"
arm-none-eabi-gcc "../Drivers/STM32F4xx_HAL_Driver/Src/stm32f4xx_hal_rcc_ex.c" -mcpu=cortex-m4 -std=gnu11 -g3 -DUSE_HAL_DRIVER -DSTM32F411xE -c -I../Inc -I"D:/Codes/Embedded Programming/Tutorials/HAL_API/19_I2C_Protocol/Drivers/CMSIS/Device/ST/STM32F4xx/Include" -I"D:/Codes/Embedded Programming/Tutorials/HAL_API/19_I2C_Protocol/Drivers/CMSIS/Include" -I"D:/Codes/Embedded Programming/Tutorials/HAL_API/19_I2C_Protocol/Drivers/STM32F4xx_HAL_Driver/Inc" -O0 -ffunction-sections -fdata-sections -Wall -fstack-usage -MMD -MP -MF"Drivers/STM32F4xx_HAL_Driver/Src/stm32f4xx_hal_rcc_ex.d" -MT"Drivers/STM32F4xx_HAL_Driver/Src/stm32f4xx_hal_rcc_ex.o" --specs=nano.specs -mfpu=fpv4-sp-d16 -mfloat-abi=hard -mthumb -o "Drivers/STM32F4xx_HAL_Driver/Src/stm32f4xx_hal_rcc_ex.o"
arm-none-eabi-gcc "../Drivers/STM32F4xx_HAL_Driver/Src/stm32f4xx_hal_tim.c" -mcpu=cortex-m4 -std=gnu11 -g3 -DUSE_HAL_DRIVER -DSTM32F411xE -c -I../Inc -I"D:/Codes/Embedded Programming/Tutorials/HAL_API/19_I2C_Protocol/Drivers/CMSIS/Device/ST/STM32F4xx/Include" -I"D:/Codes/Embedded Programming/Tutorials/HAL_API/19_I2C_Protocol/Drivers/CMSIS/Include" -I"D:/Codes/Embedded Programming/Tutorials/HAL_API/19_I2C_Protocol/Drivers/STM32F4xx_HAL_Driver/Inc" -O0 -ffunction-sections -fdata-sections -Wall -fstack-usage -MMD -MP -MF"Drivers/STM32F4xx_HAL_Driver/Src/stm32f4xx_hal_tim.d" -MT"Drivers/STM32F4xx_HAL_Driver/Src/stm32f4xx_hal_tim.o" --specs=nano.specs -mfpu=fpv4-sp-d16 -mfloat-abi=hard -mthumb -o "Drivers/STM32F4xx_HAL_Driver/Src/stm32f4xx_hal_tim.o"
arm-none-eabi-gcc "../Drivers/STM32F4xx_HAL_Driver/Src/stm32f4xx_hal_tim_ex.c" -mcpu=cortex-m4 -std=gnu11 -g3 -DUSE_HAL_DRIVER -DSTM32F411xE -c -I../Inc -I"D:/Codes/Embedded Programming/Tutorials/HAL_API/19_I2C_Protocol/Drivers/CMSIS/Device/ST/STM32F4xx/Include" -I"D:/Codes/Embedded Programming/Tutorials/HAL_API/19_I2C_Protocol/Drivers/CMSIS/Include" -I"D:/Codes/Embedded Programming/Tutorials/HAL_API/19_I2C_Protocol/Drivers/STM32F4xx_HAL_Driver/Inc" -O0 -ffunction-sections -fdata-sections -Wall -fstack-usage -MMD -MP -MF"Drivers/STM32F4xx_HAL_Driver/Src/stm32f4xx_hal_tim_ex.d" -MT"Drivers/STM32F4xx_HAL_Driver/Src/stm32f4xx_hal_tim_ex.o" --specs=nano.specs -mfpu=fpv4-sp-d16 -mfloat-abi=hard -mthumb -o "Drivers/STM32F4xx_HAL_Driver/Src/stm32f4xx_hal_tim_ex.o"
arm-none-eabi-gcc "../Drivers/CMSIS/Device/ST/STM32F4xx/Source/Templates/system_stm32f4xx.c" -mcpu=cortex-m4 -std=gnu11 -g3 -DUSE_HAL_DRIVER -DSTM32F411xE -c -I../Inc -I"D:/Codes/Embedded Programming/Tutorials/HAL_API/19_I2C_Protocol/Drivers/CMSIS/Device/ST/STM32F4xx/Include" -I"D:/Codes/Embedded Programming/Tutorials/HAL_API/19_I2C_Protocol/Drivers/CMSIS/Include" -I"D:/Codes/Embedded Programming/Tutorials/HAL_API/19_I2C_Protocol/Drivers/STM32F4xx_HAL_Driver/Inc" -O0 -ffunction-sections -fdata-sections -Wall -fstack-usage -MMD -MP -MF"Drivers/CMSIS/Device/ST/STM32F4xx/Source/Templates/system_stm32f4xx.d" -MT"Drivers/CMSIS/Device/ST/STM32F4xx/Source/Templates/system_stm32f4xx.o" --specs=nano.specs -mfpu=fpv4-sp-d16 -mfloat-abi=hard -mthumb -o "Drivers/CMSIS/Device/ST/STM32F4xx/Source/Templates/system_stm32f4xx.o"
arm-none-eabi-gcc -o "19_I2C_Protocol.elf" @"objects.list"   -mcpu=cortex-m4 -T"D:\Codes\Embedded Programming\Tutorials\HAL_API\19_I2C_Protocol\STM32F411RETX_FLASH.ld" --specs=nosys.specs -Wl,-Map="19_I2C_Protocol.map" -Wl,--gc-sections -static --specs=nano.specs -mfpu=fpv4-sp-d16 -mfloat-abi=hard -mthumb -Wl,--start-group -lc -lm -Wl,--end-group
Finished building target: 19_I2C_Protocol.elf
 
arm-none-eabi-size   19_I2C_Protocol.elf 
arm-none-eabi-objdump -h -S  19_I2C_Protocol.elf  > "19_I2C_Protocol.list"
   text	   data	    bss	    dec	    hex	filename
    756	     12	   1572	   2340	    924	19_I2C_Protocol.elf
Finished building: default.size.stdout
 
Finished building: 19_I2C_Protocol.list
 
