16:07:24 **** Clean-only build of configuration Debug for project 5_ADC_SingleConversion ****
make -j8 clean 
rm -rf ./Startup/startup_stm32f411retx.d ./Startup/startup_stm32f411retx.o
rm -rf ./Src/adc.d ./Src/adc.o ./Src/adc.su ./Src/main.d ./Src/main.o ./Src/main.su ./Src/syscalls.d ./Src/syscalls.o ./Src/syscalls.su ./Src/sysmem.d ./Src/sysmem.o ./Src/sysmem.su ./Src/system_stm32f4xx.d ./Src/system_stm32f4xx.o ./Src/system_stm32f4xx.su ./Src/uart.d ./Src/uart.o ./Src/uart.su
rm -rf ./Drivers/STM32F4xx_HAL_Driver/Src/stm32f4xx_hal.d ./Drivers/STM32F4xx_HAL_Driver/Src/stm32f4xx_hal.o ./Drivers/STM32F4xx_HAL_Driver/Src/stm32f4xx_hal.su ./Drivers/STM32F4xx_HAL_Driver/Src/stm32f4xx_hal_adc.d ./Drivers/STM32F4xx_HAL_Driver/Src/stm32f4xx_hal_adc.o ./Drivers/STM32F4xx_HAL_Driver/Src/stm32f4xx_hal_adc.su ./Drivers/STM32F4xx_HAL_Driver/Src/stm32f4xx_hal_adc_ex.d ./Drivers/STM32F4xx_HAL_Driver/Src/stm32f4xx_hal_adc_ex.o ./Drivers/STM32F4xx_HAL_Driver/Src/stm32f4xx_hal_adc_ex.su ./Drivers/STM32F4xx_HAL_Driver/Src/stm32f4xx_hal_cortex.d ./Drivers/STM32F4xx_HAL_Driver/Src/stm32f4xx_hal_cortex.o ./Drivers/STM32F4xx_HAL_Driver/Src/stm32f4xx_hal_cortex.su ./Drivers/STM32F4xx_HAL_Driver/Src/stm32f4xx_hal_dma.d ./Drivers/STM32F4xx_HAL_Driver/Src/stm32f4xx_hal_dma.o ./Drivers/STM32F4xx_HAL_Driver/Src/stm32f4xx_hal_dma.su ./Drivers/STM32F4xx_HAL_Driver/Src/stm32f4xx_hal_dma_ex.d ./Drivers/STM32F4xx_HAL_Driver/Src/stm32f4xx_hal_dma_ex.o ./Drivers/STM32F4xx_HAL_Driver/Src/stm32f4xx_hal_dma_ex.su ./Drivers/STM32F4xx_HAL_Driver/Src/stm32f4xx_hal_exti.d ./Drivers/STM32F4xx_HAL_Driver/Src/stm32f4xx_hal_exti.o ./Drivers/STM32F4xx_HAL_Driver/Src/stm32f4xx_hal_exti.su ./Drivers/STM32F4xx_HAL_Driver/Src/stm32f4xx_hal_flash.d ./Drivers/STM32F4xx_HAL_Driver/Src/stm32f4xx_hal_flash.o ./Drivers/STM32F4xx_HAL_Driver/Src/stm32f4xx_hal_flash.su ./Drivers/STM32F4xx_HAL_Driver/Src/stm32f4xx_hal_flash_ex.d ./Drivers/STM32F4xx_HAL_Driver/Src/stm32f4xx_hal_flash_ex.o ./Drivers/STM32F4xx_HAL_Driver/Src/stm32f4xx_hal_flash_ex.su ./Drivers/STM32F4xx_HAL_Driver/Src/stm32f4xx_hal_flash_ramfunc.d ./Drivers/STM32F4xx_HAL_Driver/Src/stm32f4xx_hal_flash_ramfunc.o ./Drivers/STM32F4xx_HAL_Driver/Src/stm32f4xx_hal_flash_ramfunc.su ./Drivers/STM32F4xx_HAL_Driver/Src/stm32f4xx_hal_gpio.d ./Drivers/STM32F4xx_HAL_Driver/Src/stm32f4xx_hal_gpio.o ./Drivers/STM32F4xx_HAL_Driver/Src/stm32f4xx_hal_gpio.su ./Drivers/STM32F4xx_HAL_Driver/Src/stm32f4xx_hal_hash.d ./Drivers/STM32F4xx_HAL_Driver/Src/stm32f4xx_hal_hash.o ./Drivers/STM32F4xx_HAL_Driver/Src/stm32f4xx_hal_hash.su ./Drivers/STM32F4xx_HAL_Driver/Src/stm32f4xx_hal_pwr.d ./Drivers/STM32F4xx_HAL_Driver/Src/stm32f4xx_hal_pwr.o ./Drivers/STM32F4xx_HAL_Driver/Src/stm32f4xx_hal_pwr.su ./Drivers/STM32F4xx_HAL_Driver/Src/stm32f4xx_hal_pwr_ex.d ./Drivers/STM32F4xx_HAL_Driver/Src/stm32f4xx_hal_pwr_ex.o ./Drivers/STM32F4xx_HAL_Driver/Src/stm32f4xx_hal_pwr_ex.su ./Drivers/STM32F4xx_HAL_Driver/Src/stm32f4xx_hal_rcc.d ./Drivers/STM32F4xx_HAL_Driver/Src/stm32f4xx_hal_rcc.o ./Drivers/STM32F4xx_HAL_Driver/Src/stm32f4xx_hal_rcc.su ./Drivers/STM32F4xx_HAL_Driver/Src/stm32f4xx_hal_rcc_ex.d ./Drivers/STM32F4xx_HAL_Driver/Src/stm32f4xx_hal_rcc_ex.o ./Drivers/STM32F4xx_HAL_Driver/Src/stm32f4xx_hal_rcc_ex.su ./Drivers/STM32F4xx_HAL_Driver/Src/stm32f4xx_hal_uart.d ./Drivers/STM32F4xx_HAL_Driver/Src/stm32f4xx_hal_uart.o ./Drivers/STM32F4xx_HAL_Driver/Src/stm32f4xx_hal_uart.su ./Drivers/STM32F4xx_HAL_Driver/Src/stm32f4xx_hal_usart.d ./Drivers/STM32F4xx_HAL_Driver/Src/stm32f4xx_hal_usart.o ./Drivers/STM32F4xx_HAL_Driver/Src/stm32f4xx_hal_usart.su
rm -rf 5_ADC_SingleConversion.elf 5_ADC_SingleConversion.list 5_ADC_SingleConversion.map default.size.stdout
 
16:07:30 **** Build of configuration Debug for project 5_ADC_SingleConversion ****
make -j8 all 
arm-none-eabi-gcc -mcpu=cortex-m4 -g3 -c -x assembler-with-cpp -MMD -MP -MF"Startup/startup_stm32f411retx.d" -MT"Startup/startup_stm32f411retx.o" --specs=nano.specs -mfpu=fpv4-sp-d16 -mfloat-abi=hard -mthumb -o "Startup/startup_stm32f411retx.o" "../Startup/startup_stm32f411retx.s"
arm-none-eabi-gcc "../Src/adc.c" -mcpu=cortex-m4 -std=gnu11 -g3 -DUSE_HAL_DRIVER -DSTM32F411xE -c -I"D:/Codes/Embedded Programming/Tutorials/HAL_API/5_ADC_SingleConversion/Drivers/CMSIS/Device/ST/STM32F4xx/Include" -I"D:/Codes/Embedded Programming/Tutorials/HAL_API/5_ADC_SingleConversion/Drivers/STM32F4xx_HAL_Driver/Inc" -I"D:/Codes/Embedded Programming/Tutorials/HAL_API/5_ADC_SingleConversion/Inc" -I"D:/Codes/Embedded Programming/Tutorials/HAL_API/5_ADC_SingleConversion/Drivers/CMSIS/Include" -O0 -ffunction-sections -fdata-sections -Wall -fstack-usage -MMD -MP -MF"Src/adc.d" -MT"Src/adc.o" --specs=nano.specs -mfpu=fpv4-sp-d16 -mfloat-abi=hard -mthumb -o "Src/adc.o"
arm-none-eabi-gcc "../Src/main.c" -mcpu=cortex-m4 -std=gnu11 -g3 -DUSE_HAL_DRIVER -DSTM32F411xE -c -I"D:/Codes/Embedded Programming/Tutorials/HAL_API/5_ADC_SingleConversion/Drivers/CMSIS/Device/ST/STM32F4xx/Include" -I"D:/Codes/Embedded Programming/Tutorials/HAL_API/5_ADC_SingleConversion/Drivers/STM32F4xx_HAL_Driver/Inc" -I"D:/Codes/Embedded Programming/Tutorials/HAL_API/5_ADC_SingleConversion/Inc" -I"D:/Codes/Embedded Programming/Tutorials/HAL_API/5_ADC_SingleConversion/Drivers/CMSIS/Include" -O0 -ffunction-sections -fdata-sections -Wall -fstack-usage -MMD -MP -MF"Src/main.d" -MT"Src/main.o" --specs=nano.specs -mfpu=fpv4-sp-d16 -mfloat-abi=hard -mthumb -o "Src/main.o"
arm-none-eabi-gcc "../Src/syscalls.c" -mcpu=cortex-m4 -std=gnu11 -g3 -DUSE_HAL_DRIVER -DSTM32F411xE -c -I"D:/Codes/Embedded Programming/Tutorials/HAL_API/5_ADC_SingleConversion/Drivers/CMSIS/Device/ST/STM32F4xx/Include" -I"D:/Codes/Embedded Programming/Tutorials/HAL_API/5_ADC_SingleConversion/Drivers/STM32F4xx_HAL_Driver/Inc" -I"D:/Codes/Embedded Programming/Tutorials/HAL_API/5_ADC_SingleConversion/Inc" -I"D:/Codes/Embedded Programming/Tutorials/HAL_API/5_ADC_SingleConversion/Drivers/CMSIS/Include" -O0 -ffunction-sections -fdata-sections -Wall -fstack-usage -MMD -MP -MF"Src/syscalls.d" -MT"Src/syscalls.o" --specs=nano.specs -mfpu=fpv4-sp-d16 -mfloat-abi=hard -mthumb -o "Src/syscalls.o"
arm-none-eabi-gcc "../Src/sysmem.c" -mcpu=cortex-m4 -std=gnu11 -g3 -DUSE_HAL_DRIVER -DSTM32F411xE -c -I"D:/Codes/Embedded Programming/Tutorials/HAL_API/5_ADC_SingleConversion/Drivers/CMSIS/Device/ST/STM32F4xx/Include" -I"D:/Codes/Embedded Programming/Tutorials/HAL_API/5_ADC_SingleConversion/Drivers/STM32F4xx_HAL_Driver/Inc" -I"D:/Codes/Embedded Programming/Tutorials/HAL_API/5_ADC_SingleConversion/Inc" -I"D:/Codes/Embedded Programming/Tutorials/HAL_API/5_ADC_SingleConversion/Drivers/CMSIS/Include" -O0 -ffunction-sections -fdata-sections -Wall -fstack-usage -MMD -MP -MF"Src/sysmem.d" -MT"Src/sysmem.o" --specs=nano.specs -mfpu=fpv4-sp-d16 -mfloat-abi=hard -mthumb -o "Src/sysmem.o"
arm-none-eabi-gcc "../Src/system_stm32f4xx.c" -mcpu=cortex-m4 -std=gnu11 -g3 -DUSE_HAL_DRIVER -DSTM32F411xE -c -I"D:/Codes/Embedded Programming/Tutorials/HAL_API/5_ADC_SingleConversion/Drivers/CMSIS/Device/ST/STM32F4xx/Include" -I"D:/Codes/Embedded Programming/Tutorials/HAL_API/5_ADC_SingleConversion/Drivers/STM32F4xx_HAL_Driver/Inc" -I"D:/Codes/Embedded Programming/Tutorials/HAL_API/5_ADC_SingleConversion/Inc" -I"D:/Codes/Embedded Programming/Tutorials/HAL_API/5_ADC_SingleConversion/Drivers/CMSIS/Include" -O0 -ffunction-sections -fdata-sections -Wall -fstack-usage -MMD -MP -MF"Src/system_stm32f4xx.d" -MT"Src/system_stm32f4xx.o" --specs=nano.specs -mfpu=fpv4-sp-d16 -mfloat-abi=hard -mthumb -o "Src/system_stm32f4xx.o"
arm-none-eabi-gcc "../Src/uart.c" -mcpu=cortex-m4 -std=gnu11 -g3 -DUSE_HAL_DRIVER -DSTM32F411xE -c -I"D:/Codes/Embedded Programming/Tutorials/HAL_API/5_ADC_SingleConversion/Drivers/CMSIS/Device/ST/STM32F4xx/Include" -I"D:/Codes/Embedded Programming/Tutorials/HAL_API/5_ADC_SingleConversion/Drivers/STM32F4xx_HAL_Driver/Inc" -I"D:/Codes/Embedded Programming/Tutorials/HAL_API/5_ADC_SingleConversion/Inc" -I"D:/Codes/Embedded Programming/Tutorials/HAL_API/5_ADC_SingleConversion/Drivers/CMSIS/Include" -O0 -ffunction-sections -fdata-sections -Wall -fstack-usage -MMD -MP -MF"Src/uart.d" -MT"Src/uart.o" --specs=nano.specs -mfpu=fpv4-sp-d16 -mfloat-abi=hard -mthumb -o "Src/uart.o"
arm-none-eabi-gcc "../Drivers/STM32F4xx_HAL_Driver/Src/stm32f4xx_hal.c" -mcpu=cortex-m4 -std=gnu11 -g3 -DUSE_HAL_DRIVER -DSTM32F411xE -c -I"D:/Codes/Embedded Programming/Tutorials/HAL_API/5_ADC_SingleConversion/Drivers/CMSIS/Device/ST/STM32F4xx/Include" -I"D:/Codes/Embedded Programming/Tutorials/HAL_API/5_ADC_SingleConversion/Drivers/STM32F4xx_HAL_Driver/Inc" -I"D:/Codes/Embedded Programming/Tutorials/HAL_API/5_ADC_SingleConversion/Inc" -I"D:/Codes/Embedded Programming/Tutorials/HAL_API/5_ADC_SingleConversion/Drivers/CMSIS/Include" -O0 -ffunction-sections -fdata-sections -Wall -fstack-usage -MMD -MP -MF"Drivers/STM32F4xx_HAL_Driver/Src/stm32f4xx_hal.d" -MT"Drivers/STM32F4xx_HAL_Driver/Src/stm32f4xx_hal.o" --specs=nano.specs -mfpu=fpv4-sp-d16 -mfloat-abi=hard -mthumb -o "Drivers/STM32F4xx_HAL_Driver/Src/stm32f4xx_hal.o"
arm-none-eabi-gcc "../Drivers/STM32F4xx_HAL_Driver/Src/stm32f4xx_hal_adc.c" -mcpu=cortex-m4 -std=gnu11 -g3 -DUSE_HAL_DRIVER -DSTM32F411xE -c -I"D:/Codes/Embedded Programming/Tutorials/HAL_API/5_ADC_SingleConversion/Drivers/CMSIS/Device/ST/STM32F4xx/Include" -I"D:/Codes/Embedded Programming/Tutorials/HAL_API/5_ADC_SingleConversion/Drivers/STM32F4xx_HAL_Driver/Inc" -I"D:/Codes/Embedded Programming/Tutorials/HAL_API/5_ADC_SingleConversion/Inc" -I"D:/Codes/Embedded Programming/Tutorials/HAL_API/5_ADC_SingleConversion/Drivers/CMSIS/Include" -O0 -ffunction-sections -fdata-sections -Wall -fstack-usage -MMD -MP -MF"Drivers/STM32F4xx_HAL_Driver/Src/stm32f4xx_hal_adc.d" -MT"Drivers/STM32F4xx_HAL_Driver/Src/stm32f4xx_hal_adc.o" --specs=nano.specs -mfpu=fpv4-sp-d16 -mfloat-abi=hard -mthumb -o "Drivers/STM32F4xx_HAL_Driver/Src/stm32f4xx_hal_adc.o"
arm-none-eabi-gcc "../Drivers/STM32F4xx_HAL_Driver/Src/stm32f4xx_hal_adc_ex.c" -mcpu=cortex-m4 -std=gnu11 -g3 -DUSE_HAL_DRIVER -DSTM32F411xE -c -I"D:/Codes/Embedded Programming/Tutorials/HAL_API/5_ADC_SingleConversion/Drivers/CMSIS/Device/ST/STM32F4xx/Include" -I"D:/Codes/Embedded Programming/Tutorials/HAL_API/5_ADC_SingleConversion/Drivers/STM32F4xx_HAL_Driver/Inc" -I"D:/Codes/Embedded Programming/Tutorials/HAL_API/5_ADC_SingleConversion/Inc" -I"D:/Codes/Embedded Programming/Tutorials/HAL_API/5_ADC_SingleConversion/Drivers/CMSIS/Include" -O0 -ffunction-sections -fdata-sections -Wall -fstack-usage -MMD -MP -MF"Drivers/STM32F4xx_HAL_Driver/Src/stm32f4xx_hal_adc_ex.d" -MT"Drivers/STM32F4xx_HAL_Driver/Src/stm32f4xx_hal_adc_ex.o" --specs=nano.specs -mfpu=fpv4-sp-d16 -mfloat-abi=hard -mthumb -o "Drivers/STM32F4xx_HAL_Driver/Src/stm32f4xx_hal_adc_ex.o"
arm-none-eabi-gcc "../Drivers/STM32F4xx_HAL_Driver/Src/stm32f4xx_hal_cortex.c" -mcpu=cortex-m4 -std=gnu11 -g3 -DUSE_HAL_DRIVER -DSTM32F411xE -c -I"D:/Codes/Embedded Programming/Tutorials/HAL_API/5_ADC_SingleConversion/Drivers/CMSIS/Device/ST/STM32F4xx/Include" -I"D:/Codes/Embedded Programming/Tutorials/HAL_API/5_ADC_SingleConversion/Drivers/STM32F4xx_HAL_Driver/Inc" -I"D:/Codes/Embedded Programming/Tutorials/HAL_API/5_ADC_SingleConversion/Inc" -I"D:/Codes/Embedded Programming/Tutorials/HAL_API/5_ADC_SingleConversion/Drivers/CMSIS/Include" -O0 -ffunction-sections -fdata-sections -Wall -fstack-usage -MMD -MP -MF"Drivers/STM32F4xx_HAL_Driver/Src/stm32f4xx_hal_cortex.d" -MT"Drivers/STM32F4xx_HAL_Driver/Src/stm32f4xx_hal_cortex.o" --specs=nano.specs -mfpu=fpv4-sp-d16 -mfloat-abi=hard -mthumb -o "Drivers/STM32F4xx_HAL_Driver/Src/stm32f4xx_hal_cortex.o"
../Src/adc.c: In function 'adc_init_start':
../Src/adc.c:60:2: warning: implicit declaration of function 'adc_pa0_continuous_conv_init'; did you mean 'adc_pa0_single_conv_init'? [-Wimplicit-function-declaration]
   60 |  adc_pa0_continuous_conv_init();
      |  ^~~~~~~~~~~~~~~~~~~~~~~~~~~~
      |  adc_pa0_single_conv_init
arm-none-eabi-gcc "../Drivers/STM32F4xx_HAL_Driver/Src/stm32f4xx_hal_dma.c" -mcpu=cortex-m4 -std=gnu11 -g3 -DUSE_HAL_DRIVER -DSTM32F411xE -c -I"D:/Codes/Embedded Programming/Tutorials/HAL_API/5_ADC_SingleConversion/Drivers/CMSIS/Device/ST/STM32F4xx/Include" -I"D:/Codes/Embedded Programming/Tutorials/HAL_API/5_ADC_SingleConversion/Drivers/STM32F4xx_HAL_Driver/Inc" -I"D:/Codes/Embedded Programming/Tutorials/HAL_API/5_ADC_SingleConversion/Inc" -I"D:/Codes/Embedded Programming/Tutorials/HAL_API/5_ADC_SingleConversion/Drivers/CMSIS/Include" -O0 -ffunction-sections -fdata-sections -Wall -fstack-usage -MMD -MP -MF"Drivers/STM32F4xx_HAL_Driver/Src/stm32f4xx_hal_dma.d" -MT"Drivers/STM32F4xx_HAL_Driver/Src/stm32f4xx_hal_dma.o" --specs=nano.specs -mfpu=fpv4-sp-d16 -mfloat-abi=hard -mthumb -o "Drivers/STM32F4xx_HAL_Driver/Src/stm32f4xx_hal_dma.o"
arm-none-eabi-gcc "../Drivers/STM32F4xx_HAL_Driver/Src/stm32f4xx_hal_dma_ex.c" -mcpu=cortex-m4 -std=gnu11 -g3 -DUSE_HAL_DRIVER -DSTM32F411xE -c -I"D:/Codes/Embedded Programming/Tutorials/HAL_API/5_ADC_SingleConversion/Drivers/CMSIS/Device/ST/STM32F4xx/Include" -I"D:/Codes/Embedded Programming/Tutorials/HAL_API/5_ADC_SingleConversion/Drivers/STM32F4xx_HAL_Driver/Inc" -I"D:/Codes/Embedded Programming/Tutorials/HAL_API/5_ADC_SingleConversion/Inc" -I"D:/Codes/Embedded Programming/Tutorials/HAL_API/5_ADC_SingleConversion/Drivers/CMSIS/Include" -O0 -ffunction-sections -fdata-sections -Wall -fstack-usage -MMD -MP -MF"Drivers/STM32F4xx_HAL_Driver/Src/stm32f4xx_hal_dma_ex.d" -MT"Drivers/STM32F4xx_HAL_Driver/Src/stm32f4xx_hal_dma_ex.o" --specs=nano.specs -mfpu=fpv4-sp-d16 -mfloat-abi=hard -mthumb -o "Drivers/STM32F4xx_HAL_Driver/Src/stm32f4xx_hal_dma_ex.o"
arm-none-eabi-gcc "../Drivers/STM32F4xx_HAL_Driver/Src/stm32f4xx_hal_exti.c" -mcpu=cortex-m4 -std=gnu11 -g3 -DUSE_HAL_DRIVER -DSTM32F411xE -c -I"D:/Codes/Embedded Programming/Tutorials/HAL_API/5_ADC_SingleConversion/Drivers/CMSIS/Device/ST/STM32F4xx/Include" -I"D:/Codes/Embedded Programming/Tutorials/HAL_API/5_ADC_SingleConversion/Drivers/STM32F4xx_HAL_Driver/Inc" -I"D:/Codes/Embedded Programming/Tutorials/HAL_API/5_ADC_SingleConversion/Inc" -I"D:/Codes/Embedded Programming/Tutorials/HAL_API/5_ADC_SingleConversion/Drivers/CMSIS/Include" -O0 -ffunction-sections -fdata-sections -Wall -fstack-usage -MMD -MP -MF"Drivers/STM32F4xx_HAL_Driver/Src/stm32f4xx_hal_exti.d" -MT"Drivers/STM32F4xx_HAL_Driver/Src/stm32f4xx_hal_exti.o" --specs=nano.specs -mfpu=fpv4-sp-d16 -mfloat-abi=hard -mthumb -o "Drivers/STM32F4xx_HAL_Driver/Src/stm32f4xx_hal_exti.o"
arm-none-eabi-gcc "../Drivers/STM32F4xx_HAL_Driver/Src/stm32f4xx_hal_flash.c" -mcpu=cortex-m4 -std=gnu11 -g3 -DUSE_HAL_DRIVER -DSTM32F411xE -c -I"D:/Codes/Embedded Programming/Tutorials/HAL_API/5_ADC_SingleConversion/Drivers/CMSIS/Device/ST/STM32F4xx/Include" -I"D:/Codes/Embedded Programming/Tutorials/HAL_API/5_ADC_SingleConversion/Drivers/STM32F4xx_HAL_Driver/Inc" -I"D:/Codes/Embedded Programming/Tutorials/HAL_API/5_ADC_SingleConversion/Inc" -I"D:/Codes/Embedded Programming/Tutorials/HAL_API/5_ADC_SingleConversion/Drivers/CMSIS/Include" -O0 -ffunction-sections -fdata-sections -Wall -fstack-usage -MMD -MP -MF"Drivers/STM32F4xx_HAL_Driver/Src/stm32f4xx_hal_flash.d" -MT"Drivers/STM32F4xx_HAL_Driver/Src/stm32f4xx_hal_flash.o" --specs=nano.specs -mfpu=fpv4-sp-d16 -mfloat-abi=hard -mthumb -o "Drivers/STM32F4xx_HAL_Driver/Src/stm32f4xx_hal_flash.o"
arm-none-eabi-gcc "../Drivers/STM32F4xx_HAL_Driver/Src/stm32f4xx_hal_flash_ex.c" -mcpu=cortex-m4 -std=gnu11 -g3 -DUSE_HAL_DRIVER -DSTM32F411xE -c -I"D:/Codes/Embedded Programming/Tutorials/HAL_API/5_ADC_SingleConversion/Drivers/CMSIS/Device/ST/STM32F4xx/Include" -I"D:/Codes/Embedded Programming/Tutorials/HAL_API/5_ADC_SingleConversion/Drivers/STM32F4xx_HAL_Driver/Inc" -I"D:/Codes/Embedded Programming/Tutorials/HAL_API/5_ADC_SingleConversion/Inc" -I"D:/Codes/Embedded Programming/Tutorials/HAL_API/5_ADC_SingleConversion/Drivers/CMSIS/Include" -O0 -ffunction-sections -fdata-sections -Wall -fstack-usage -MMD -MP -MF"Drivers/STM32F4xx_HAL_Driver/Src/stm32f4xx_hal_flash_ex.d" -MT"Drivers/STM32F4xx_HAL_Driver/Src/stm32f4xx_hal_flash_ex.o" --specs=nano.specs -mfpu=fpv4-sp-d16 -mfloat-abi=hard -mthumb -o "Drivers/STM32F4xx_HAL_Driver/Src/stm32f4xx_hal_flash_ex.o"
arm-none-eabi-gcc "../Drivers/STM32F4xx_HAL_Driver/Src/stm32f4xx_hal_flash_ramfunc.c" -mcpu=cortex-m4 -std=gnu11 -g3 -DUSE_HAL_DRIVER -DSTM32F411xE -c -I"D:/Codes/Embedded Programming/Tutorials/HAL_API/5_ADC_SingleConversion/Drivers/CMSIS/Device/ST/STM32F4xx/Include" -I"D:/Codes/Embedded Programming/Tutorials/HAL_API/5_ADC_SingleConversion/Drivers/STM32F4xx_HAL_Driver/Inc" -I"D:/Codes/Embedded Programming/Tutorials/HAL_API/5_ADC_SingleConversion/Inc" -I"D:/Codes/Embedded Programming/Tutorials/HAL_API/5_ADC_SingleConversion/Drivers/CMSIS/Include" -O0 -ffunction-sections -fdata-sections -Wall -fstack-usage -MMD -MP -MF"Drivers/STM32F4xx_HAL_Driver/Src/stm32f4xx_hal_flash_ramfunc.d" -MT"Drivers/STM32F4xx_HAL_Driver/Src/stm32f4xx_hal_flash_ramfunc.o" --specs=nano.specs -mfpu=fpv4-sp-d16 -mfloat-abi=hard -mthumb -o "Drivers/STM32F4xx_HAL_Driver/Src/stm32f4xx_hal_flash_ramfunc.o"
arm-none-eabi-gcc "../Drivers/STM32F4xx_HAL_Driver/Src/stm32f4xx_hal_gpio.c" -mcpu=cortex-m4 -std=gnu11 -g3 -DUSE_HAL_DRIVER -DSTM32F411xE -c -I"D:/Codes/Embedded Programming/Tutorials/HAL_API/5_ADC_SingleConversion/Drivers/CMSIS/Device/ST/STM32F4xx/Include" -I"D:/Codes/Embedded Programming/Tutorials/HAL_API/5_ADC_SingleConversion/Drivers/STM32F4xx_HAL_Driver/Inc" -I"D:/Codes/Embedded Programming/Tutorials/HAL_API/5_ADC_SingleConversion/Inc" -I"D:/Codes/Embedded Programming/Tutorials/HAL_API/5_ADC_SingleConversion/Drivers/CMSIS/Include" -O0 -ffunction-sections -fdata-sections -Wall -fstack-usage -MMD -MP -MF"Drivers/STM32F4xx_HAL_Driver/Src/stm32f4xx_hal_gpio.d" -MT"Drivers/STM32F4xx_HAL_Driver/Src/stm32f4xx_hal_gpio.o" --specs=nano.specs -mfpu=fpv4-sp-d16 -mfloat-abi=hard -mthumb -o "Drivers/STM32F4xx_HAL_Driver/Src/stm32f4xx_hal_gpio.o"
arm-none-eabi-gcc "../Drivers/STM32F4xx_HAL_Driver/Src/stm32f4xx_hal_hash.c" -mcpu=cortex-m4 -std=gnu11 -g3 -DUSE_HAL_DRIVER -DSTM32F411xE -c -I"D:/Codes/Embedded Programming/Tutorials/HAL_API/5_ADC_SingleConversion/Drivers/CMSIS/Device/ST/STM32F4xx/Include" -I"D:/Codes/Embedded Programming/Tutorials/HAL_API/5_ADC_SingleConversion/Drivers/STM32F4xx_HAL_Driver/Inc" -I"D:/Codes/Embedded Programming/Tutorials/HAL_API/5_ADC_SingleConversion/Inc" -I"D:/Codes/Embedded Programming/Tutorials/HAL_API/5_ADC_SingleConversion/Drivers/CMSIS/Include" -O0 -ffunction-sections -fdata-sections -Wall -fstack-usage -MMD -MP -MF"Drivers/STM32F4xx_HAL_Driver/Src/stm32f4xx_hal_hash.d" -MT"Drivers/STM32F4xx_HAL_Driver/Src/stm32f4xx_hal_hash.o" --specs=nano.specs -mfpu=fpv4-sp-d16 -mfloat-abi=hard -mthumb -o "Drivers/STM32F4xx_HAL_Driver/Src/stm32f4xx_hal_hash.o"
arm-none-eabi-gcc "../Drivers/STM32F4xx_HAL_Driver/Src/stm32f4xx_hal_pwr.c" -mcpu=cortex-m4 -std=gnu11 -g3 -DUSE_HAL_DRIVER -DSTM32F411xE -c -I"D:/Codes/Embedded Programming/Tutorials/HAL_API/5_ADC_SingleConversion/Drivers/CMSIS/Device/ST/STM32F4xx/Include" -I"D:/Codes/Embedded Programming/Tutorials/HAL_API/5_ADC_SingleConversion/Drivers/STM32F4xx_HAL_Driver/Inc" -I"D:/Codes/Embedded Programming/Tutorials/HAL_API/5_ADC_SingleConversion/Inc" -I"D:/Codes/Embedded Programming/Tutorials/HAL_API/5_ADC_SingleConversion/Drivers/CMSIS/Include" -O0 -ffunction-sections -fdata-sections -Wall -fstack-usage -MMD -MP -MF"Drivers/STM32F4xx_HAL_Driver/Src/stm32f4xx_hal_pwr.d" -MT"Drivers/STM32F4xx_HAL_Driver/Src/stm32f4xx_hal_pwr.o" --specs=nano.specs -mfpu=fpv4-sp-d16 -mfloat-abi=hard -mthumb -o "Drivers/STM32F4xx_HAL_Driver/Src/stm32f4xx_hal_pwr.o"
arm-none-eabi-gcc "../Drivers/STM32F4xx_HAL_Driver/Src/stm32f4xx_hal_pwr_ex.c" -mcpu=cortex-m4 -std=gnu11 -g3 -DUSE_HAL_DRIVER -DSTM32F411xE -c -I"D:/Codes/Embedded Programming/Tutorials/HAL_API/5_ADC_SingleConversion/Drivers/CMSIS/Device/ST/STM32F4xx/Include" -I"D:/Codes/Embedded Programming/Tutorials/HAL_API/5_ADC_SingleConversion/Drivers/STM32F4xx_HAL_Driver/Inc" -I"D:/Codes/Embedded Programming/Tutorials/HAL_API/5_ADC_SingleConversion/Inc" -I"D:/Codes/Embedded Programming/Tutorials/HAL_API/5_ADC_SingleConversion/Drivers/CMSIS/Include" -O0 -ffunction-sections -fdata-sections -Wall -fstack-usage -MMD -MP -MF"Drivers/STM32F4xx_HAL_Driver/Src/stm32f4xx_hal_pwr_ex.d" -MT"Drivers/STM32F4xx_HAL_Driver/Src/stm32f4xx_hal_pwr_ex.o" --specs=nano.specs -mfpu=fpv4-sp-d16 -mfloat-abi=hard -mthumb -o "Drivers/STM32F4xx_HAL_Driver/Src/stm32f4xx_hal_pwr_ex.o"
arm-none-eabi-gcc "../Drivers/STM32F4xx_HAL_Driver/Src/stm32f4xx_hal_rcc.c" -mcpu=cortex-m4 -std=gnu11 -g3 -DUSE_HAL_DRIVER -DSTM32F411xE -c -I"D:/Codes/Embedded Programming/Tutorials/HAL_API/5_ADC_SingleConversion/Drivers/CMSIS/Device/ST/STM32F4xx/Include" -I"D:/Codes/Embedded Programming/Tutorials/HAL_API/5_ADC_SingleConversion/Drivers/STM32F4xx_HAL_Driver/Inc" -I"D:/Codes/Embedded Programming/Tutorials/HAL_API/5_ADC_SingleConversion/Inc" -I"D:/Codes/Embedded Programming/Tutorials/HAL_API/5_ADC_SingleConversion/Drivers/CMSIS/Include" -O0 -ffunction-sections -fdata-sections -Wall -fstack-usage -MMD -MP -MF"Drivers/STM32F4xx_HAL_Driver/Src/stm32f4xx_hal_rcc.d" -MT"Drivers/STM32F4xx_HAL_Driver/Src/stm32f4xx_hal_rcc.o" --specs=nano.specs -mfpu=fpv4-sp-d16 -mfloat-abi=hard -mthumb -o "Drivers/STM32F4xx_HAL_Driver/Src/stm32f4xx_hal_rcc.o"
arm-none-eabi-gcc "../Drivers/STM32F4xx_HAL_Driver/Src/stm32f4xx_hal_rcc_ex.c" -mcpu=cortex-m4 -std=gnu11 -g3 -DUSE_HAL_DRIVER -DSTM32F411xE -c -I"D:/Codes/Embedded Programming/Tutorials/HAL_API/5_ADC_SingleConversion/Drivers/CMSIS/Device/ST/STM32F4xx/Include" -I"D:/Codes/Embedded Programming/Tutorials/HAL_API/5_ADC_SingleConversion/Drivers/STM32F4xx_HAL_Driver/Inc" -I"D:/Codes/Embedded Programming/Tutorials/HAL_API/5_ADC_SingleConversion/Inc" -I"D:/Codes/Embedded Programming/Tutorials/HAL_API/5_ADC_SingleConversion/Drivers/CMSIS/Include" -O0 -ffunction-sections -fdata-sections -Wall -fstack-usage -MMD -MP -MF"Drivers/STM32F4xx_HAL_Driver/Src/stm32f4xx_hal_rcc_ex.d" -MT"Drivers/STM32F4xx_HAL_Driver/Src/stm32f4xx_hal_rcc_ex.o" --specs=nano.specs -mfpu=fpv4-sp-d16 -mfloat-abi=hard -mthumb -o "Drivers/STM32F4xx_HAL_Driver/Src/stm32f4xx_hal_rcc_ex.o"
arm-none-eabi-gcc "../Drivers/STM32F4xx_HAL_Driver/Src/stm32f4xx_hal_uart.c" -mcpu=cortex-m4 -std=gnu11 -g3 -DUSE_HAL_DRIVER -DSTM32F411xE -c -I"D:/Codes/Embedded Programming/Tutorials/HAL_API/5_ADC_SingleConversion/Drivers/CMSIS/Device/ST/STM32F4xx/Include" -I"D:/Codes/Embedded Programming/Tutorials/HAL_API/5_ADC_SingleConversion/Drivers/STM32F4xx_HAL_Driver/Inc" -I"D:/Codes/Embedded Programming/Tutorials/HAL_API/5_ADC_SingleConversion/Inc" -I"D:/Codes/Embedded Programming/Tutorials/HAL_API/5_ADC_SingleConversion/Drivers/CMSIS/Include" -O0 -ffunction-sections -fdata-sections -Wall -fstack-usage -MMD -MP -MF"Drivers/STM32F4xx_HAL_Driver/Src/stm32f4xx_hal_uart.d" -MT"Drivers/STM32F4xx_HAL_Driver/Src/stm32f4xx_hal_uart.o" --specs=nano.specs -mfpu=fpv4-sp-d16 -mfloat-abi=hard -mthumb -o "Drivers/STM32F4xx_HAL_Driver/Src/stm32f4xx_hal_uart.o"
arm-none-eabi-gcc "../Drivers/STM32F4xx_HAL_Driver/Src/stm32f4xx_hal_usart.c" -mcpu=cortex-m4 -std=gnu11 -g3 -DUSE_HAL_DRIVER -DSTM32F411xE -c -I"D:/Codes/Embedded Programming/Tutorials/HAL_API/5_ADC_SingleConversion/Drivers/CMSIS/Device/ST/STM32F4xx/Include" -I"D:/Codes/Embedded Programming/Tutorials/HAL_API/5_ADC_SingleConversion/Drivers/STM32F4xx_HAL_Driver/Inc" -I"D:/Codes/Embedded Programming/Tutorials/HAL_API/5_ADC_SingleConversion/Inc" -I"D:/Codes/Embedded Programming/Tutorials/HAL_API/5_ADC_SingleConversion/Drivers/CMSIS/Include" -O0 -ffunction-sections -fdata-sections -Wall -fstack-usage -MMD -MP -MF"Drivers/STM32F4xx_HAL_Driver/Src/stm32f4xx_hal_usart.d" -MT"Drivers/STM32F4xx_HAL_Driver/Src/stm32f4xx_hal_usart.o" --specs=nano.specs -mfpu=fpv4-sp-d16 -mfloat-abi=hard -mthumb -o "Drivers/STM32F4xx_HAL_Driver/Src/stm32f4xx_hal_usart.o"
arm-none-eabi-gcc -o "5_ADC_SingleConversion.elf" @"objects.list"   -mcpu=cortex-m4 -T"D:\Codes\Embedded Programming\Tutorials\HAL_API\5_ADC_SingleConversion\STM32F411RETX_FLASH.ld" --specs=nosys.specs -Wl,-Map="5_ADC_SingleConversion.map" -Wl,--gc-sections -static --specs=nano.specs -mfpu=fpv4-sp-d16 -mfloat-abi=hard -mthumb -Wl,--start-group -lc -lm -Wl,--end-group
Finished building target: 5_ADC_SingleConversion.elf
 
arm-none-eabi-size   5_ADC_SingleConversion.elf 
arm-none-eabi-objdump -h -S  5_ADC_SingleConversion.elf  > "5_ADC_SingleConversion.list"
   text	   data	    bss	    dec	    hex	filename
   8084	     20	   1708	   9812	   2654	5_ADC_SingleConversion.elf
Finished building: default.size.stdout
 
Finished building: 5_ADC_SingleConversion.list
 
16:11:53 **** Incremental Build of configuration Debug for project 5_ADC_SingleConversion ****
make -j8 all 
arm-none-eabi-gcc -mcpu=cortex-m4 -g3 -c -x assembler-with-cpp -MMD -MP -MF"Startup/startup_stm32f411retx.d" -MT"Startup/startup_stm32f411retx.o" --specs=nano.specs -mfpu=fpv4-sp-d16 -mfloat-abi=hard -mthumb -o "Startup/startup_stm32f411retx.o" "../Startup/startup_stm32f411retx.s"
arm-none-eabi-gcc "../Src/adc.c" -mcpu=cortex-m4 -std=gnu11 -g3 -DUSE_HAL_DRIVER -DSTM32F411xE -c -I"D:/Codes/Embedded Programming/Tutorials/HAL_API/5_ADC_SingleConversion/Drivers/CMSIS/Device/ST/STM32F4xx/Include" -I"D:/Codes/Embedded Programming/Tutorials/HAL_API/5_ADC_SingleConversion/Drivers/CMSIS/Include" -I"D:/Codes/Embedded Programming/Tutorials/HAL_API/5_ADC_SingleConversion/Drivers/STM32F4xx_HAL_Driver/Inc" -I"D:/Codes/Embedded Programming/Tutorials/HAL_API/5_ADC_SingleConversion/Inc" -O0 -ffunction-sections -fdata-sections -Wall -fstack-usage -MMD -MP -MF"Src/adc.d" -MT"Src/adc.o" --specs=nano.specs -mfpu=fpv4-sp-d16 -mfloat-abi=hard -mthumb -o "Src/adc.o"
arm-none-eabi-gcc "../Src/main.c" -mcpu=cortex-m4 -std=gnu11 -g3 -DUSE_HAL_DRIVER -DSTM32F411xE -c -I"D:/Codes/Embedded Programming/Tutorials/HAL_API/5_ADC_SingleConversion/Drivers/CMSIS/Device/ST/STM32F4xx/Include" -I"D:/Codes/Embedded Programming/Tutorials/HAL_API/5_ADC_SingleConversion/Drivers/CMSIS/Include" -I"D:/Codes/Embedded Programming/Tutorials/HAL_API/5_ADC_SingleConversion/Drivers/STM32F4xx_HAL_Driver/Inc" -I"D:/Codes/Embedded Programming/Tutorials/HAL_API/5_ADC_SingleConversion/Inc" -O0 -ffunction-sections -fdata-sections -Wall -fstack-usage -MMD -MP -MF"Src/main.d" -MT"Src/main.o" --specs=nano.specs -mfpu=fpv4-sp-d16 -mfloat-abi=hard -mthumb -o "Src/main.o"
arm-none-eabi-gcc "../Src/syscalls.c" -mcpu=cortex-m4 -std=gnu11 -g3 -DUSE_HAL_DRIVER -DSTM32F411xE -c -I"D:/Codes/Embedded Programming/Tutorials/HAL_API/5_ADC_SingleConversion/Drivers/CMSIS/Device/ST/STM32F4xx/Include" -I"D:/Codes/Embedded Programming/Tutorials/HAL_API/5_ADC_SingleConversion/Drivers/CMSIS/Include" -I"D:/Codes/Embedded Programming/Tutorials/HAL_API/5_ADC_SingleConversion/Drivers/STM32F4xx_HAL_Driver/Inc" -I"D:/Codes/Embedded Programming/Tutorials/HAL_API/5_ADC_SingleConversion/Inc" -O0 -ffunction-sections -fdata-sections -Wall -fstack-usage -MMD -MP -MF"Src/syscalls.d" -MT"Src/syscalls.o" --specs=nano.specs -mfpu=fpv4-sp-d16 -mfloat-abi=hard -mthumb -o "Src/syscalls.o"
arm-none-eabi-gcc "../Src/sysmem.c" -mcpu=cortex-m4 -std=gnu11 -g3 -DUSE_HAL_DRIVER -DSTM32F411xE -c -I"D:/Codes/Embedded Programming/Tutorials/HAL_API/5_ADC_SingleConversion/Drivers/CMSIS/Device/ST/STM32F4xx/Include" -I"D:/Codes/Embedded Programming/Tutorials/HAL_API/5_ADC_SingleConversion/Drivers/CMSIS/Include" -I"D:/Codes/Embedded Programming/Tutorials/HAL_API/5_ADC_SingleConversion/Drivers/STM32F4xx_HAL_Driver/Inc" -I"D:/Codes/Embedded Programming/Tutorials/HAL_API/5_ADC_SingleConversion/Inc" -O0 -ffunction-sections -fdata-sections -Wall -fstack-usage -MMD -MP -MF"Src/sysmem.d" -MT"Src/sysmem.o" --specs=nano.specs -mfpu=fpv4-sp-d16 -mfloat-abi=hard -mthumb -o "Src/sysmem.o"
arm-none-eabi-gcc "../Src/system_stm32f4xx.c" -mcpu=cortex-m4 -std=gnu11 -g3 -DUSE_HAL_DRIVER -DSTM32F411xE -c -I"D:/Codes/Embedded Programming/Tutorials/HAL_API/5_ADC_SingleConversion/Drivers/CMSIS/Device/ST/STM32F4xx/Include" -I"D:/Codes/Embedded Programming/Tutorials/HAL_API/5_ADC_SingleConversion/Drivers/CMSIS/Include" -I"D:/Codes/Embedded Programming/Tutorials/HAL_API/5_ADC_SingleConversion/Drivers/STM32F4xx_HAL_Driver/Inc" -I"D:/Codes/Embedded Programming/Tutorials/HAL_API/5_ADC_SingleConversion/Inc" -O0 -ffunction-sections -fdata-sections -Wall -fstack-usage -MMD -MP -MF"Src/system_stm32f4xx.d" -MT"Src/system_stm32f4xx.o" --specs=nano.specs -mfpu=fpv4-sp-d16 -mfloat-abi=hard -mthumb -o "Src/system_stm32f4xx.o"
arm-none-eabi-gcc "../Src/uart.c" -mcpu=cortex-m4 -std=gnu11 -g3 -DUSE_HAL_DRIVER -DSTM32F411xE -c -I"D:/Codes/Embedded Programming/Tutorials/HAL_API/5_ADC_SingleConversion/Drivers/CMSIS/Device/ST/STM32F4xx/Include" -I"D:/Codes/Embedded Programming/Tutorials/HAL_API/5_ADC_SingleConversion/Drivers/CMSIS/Include" -I"D:/Codes/Embedded Programming/Tutorials/HAL_API/5_ADC_SingleConversion/Drivers/STM32F4xx_HAL_Driver/Inc" -I"D:/Codes/Embedded Programming/Tutorials/HAL_API/5_ADC_SingleConversion/Inc" -O0 -ffunction-sections -fdata-sections -Wall -fstack-usage -MMD -MP -MF"Src/uart.d" -MT"Src/uart.o" --specs=nano.specs -mfpu=fpv4-sp-d16 -mfloat-abi=hard -mthumb -o "Src/uart.o"
arm-none-eabi-gcc "../Drivers/STM32F4xx_HAL_Driver/Src/stm32f4xx_hal.c" -mcpu=cortex-m4 -std=gnu11 -g3 -DUSE_HAL_DRIVER -DSTM32F411xE -c -I"D:/Codes/Embedded Programming/Tutorials/HAL_API/5_ADC_SingleConversion/Drivers/CMSIS/Device/ST/STM32F4xx/Include" -I"D:/Codes/Embedded Programming/Tutorials/HAL_API/5_ADC_SingleConversion/Drivers/CMSIS/Include" -I"D:/Codes/Embedded Programming/Tutorials/HAL_API/5_ADC_SingleConversion/Drivers/STM32F4xx_HAL_Driver/Inc" -I"D:/Codes/Embedded Programming/Tutorials/HAL_API/5_ADC_SingleConversion/Inc" -O0 -ffunction-sections -fdata-sections -Wall -fstack-usage -MMD -MP -MF"Drivers/STM32F4xx_HAL_Driver/Src/stm32f4xx_hal.d" -MT"Drivers/STM32F4xx_HAL_Driver/Src/stm32f4xx_hal.o" --specs=nano.specs -mfpu=fpv4-sp-d16 -mfloat-abi=hard -mthumb -o "Drivers/STM32F4xx_HAL_Driver/Src/stm32f4xx_hal.o"
arm-none-eabi-gcc "../Drivers/STM32F4xx_HAL_Driver/Src/stm32f4xx_hal_adc.c" -mcpu=cortex-m4 -std=gnu11 -g3 -DUSE_HAL_DRIVER -DSTM32F411xE -c -I"D:/Codes/Embedded Programming/Tutorials/HAL_API/5_ADC_SingleConversion/Drivers/CMSIS/Device/ST/STM32F4xx/Include" -I"D:/Codes/Embedded Programming/Tutorials/HAL_API/5_ADC_SingleConversion/Drivers/CMSIS/Include" -I"D:/Codes/Embedded Programming/Tutorials/HAL_API/5_ADC_SingleConversion/Drivers/STM32F4xx_HAL_Driver/Inc" -I"D:/Codes/Embedded Programming/Tutorials/HAL_API/5_ADC_SingleConversion/Inc" -O0 -ffunction-sections -fdata-sections -Wall -fstack-usage -MMD -MP -MF"Drivers/STM32F4xx_HAL_Driver/Src/stm32f4xx_hal_adc.d" -MT"Drivers/STM32F4xx_HAL_Driver/Src/stm32f4xx_hal_adc.o" --specs=nano.specs -mfpu=fpv4-sp-d16 -mfloat-abi=hard -mthumb -o "Drivers/STM32F4xx_HAL_Driver/Src/stm32f4xx_hal_adc.o"
arm-none-eabi-gcc "../Drivers/STM32F4xx_HAL_Driver/Src/stm32f4xx_hal_adc_ex.c" -mcpu=cortex-m4 -std=gnu11 -g3 -DUSE_HAL_DRIVER -DSTM32F411xE -c -I"D:/Codes/Embedded Programming/Tutorials/HAL_API/5_ADC_SingleConversion/Drivers/CMSIS/Device/ST/STM32F4xx/Include" -I"D:/Codes/Embedded Programming/Tutorials/HAL_API/5_ADC_SingleConversion/Drivers/CMSIS/Include" -I"D:/Codes/Embedded Programming/Tutorials/HAL_API/5_ADC_SingleConversion/Drivers/STM32F4xx_HAL_Driver/Inc" -I"D:/Codes/Embedded Programming/Tutorials/HAL_API/5_ADC_SingleConversion/Inc" -O0 -ffunction-sections -fdata-sections -Wall -fstack-usage -MMD -MP -MF"Drivers/STM32F4xx_HAL_Driver/Src/stm32f4xx_hal_adc_ex.d" -MT"Drivers/STM32F4xx_HAL_Driver/Src/stm32f4xx_hal_adc_ex.o" --specs=nano.specs -mfpu=fpv4-sp-d16 -mfloat-abi=hard -mthumb -o "Drivers/STM32F4xx_HAL_Driver/Src/stm32f4xx_hal_adc_ex.o"
arm-none-eabi-gcc "../Drivers/STM32F4xx_HAL_Driver/Src/stm32f4xx_hal_cortex.c" -mcpu=cortex-m4 -std=gnu11 -g3 -DUSE_HAL_DRIVER -DSTM32F411xE -c -I"D:/Codes/Embedded Programming/Tutorials/HAL_API/5_ADC_SingleConversion/Drivers/CMSIS/Device/ST/STM32F4xx/Include" -I"D:/Codes/Embedded Programming/Tutorials/HAL_API/5_ADC_SingleConversion/Drivers/CMSIS/Include" -I"D:/Codes/Embedded Programming/Tutorials/HAL_API/5_ADC_SingleConversion/Drivers/STM32F4xx_HAL_Driver/Inc" -I"D:/Codes/Embedded Programming/Tutorials/HAL_API/5_ADC_SingleConversion/Inc" -O0 -ffunction-sections -fdata-sections -Wall -fstack-usage -MMD -MP -MF"Drivers/STM32F4xx_HAL_Driver/Src/stm32f4xx_hal_cortex.d" -MT"Drivers/STM32F4xx_HAL_Driver/Src/stm32f4xx_hal_cortex.o" --specs=nano.specs -mfpu=fpv4-sp-d16 -mfloat-abi=hard -mthumb -o "Drivers/STM32F4xx_HAL_Driver/Src/stm32f4xx_hal_cortex.o"
../Src/adc.c: In function 'adc_init_start':
../Src/adc.c:60:2: warning: implicit declaration of function 'adc_pa0_continuous_conv_init'; did you mean 'adc_pa0_single_conv_init'? [-Wimplicit-function-declaration]
   60 |  adc_pa0_continuous_conv_init();
      |  ^~~~~~~~~~~~~~~~~~~~~~~~~~~~
      |  adc_pa0_single_conv_init
arm-none-eabi-gcc "../Drivers/STM32F4xx_HAL_Driver/Src/stm32f4xx_hal_dma.c" -mcpu=cortex-m4 -std=gnu11 -g3 -DUSE_HAL_DRIVER -DSTM32F411xE -c -I"D:/Codes/Embedded Programming/Tutorials/HAL_API/5_ADC_SingleConversion/Drivers/CMSIS/Device/ST/STM32F4xx/Include" -I"D:/Codes/Embedded Programming/Tutorials/HAL_API/5_ADC_SingleConversion/Drivers/CMSIS/Include" -I"D:/Codes/Embedded Programming/Tutorials/HAL_API/5_ADC_SingleConversion/Drivers/STM32F4xx_HAL_Driver/Inc" -I"D:/Codes/Embedded Programming/Tutorials/HAL_API/5_ADC_SingleConversion/Inc" -O0 -ffunction-sections -fdata-sections -Wall -fstack-usage -MMD -MP -MF"Drivers/STM32F4xx_HAL_Driver/Src/stm32f4xx_hal_dma.d" -MT"Drivers/STM32F4xx_HAL_Driver/Src/stm32f4xx_hal_dma.o" --specs=nano.specs -mfpu=fpv4-sp-d16 -mfloat-abi=hard -mthumb -o "Drivers/STM32F4xx_HAL_Driver/Src/stm32f4xx_hal_dma.o"
arm-none-eabi-gcc "../Drivers/STM32F4xx_HAL_Driver/Src/stm32f4xx_hal_dma_ex.c" -mcpu=cortex-m4 -std=gnu11 -g3 -DUSE_HAL_DRIVER -DSTM32F411xE -c -I"D:/Codes/Embedded Programming/Tutorials/HAL_API/5_ADC_SingleConversion/Drivers/CMSIS/Device/ST/STM32F4xx/Include" -I"D:/Codes/Embedded Programming/Tutorials/HAL_API/5_ADC_SingleConversion/Drivers/CMSIS/Include" -I"D:/Codes/Embedded Programming/Tutorials/HAL_API/5_ADC_SingleConversion/Drivers/STM32F4xx_HAL_Driver/Inc" -I"D:/Codes/Embedded Programming/Tutorials/HAL_API/5_ADC_SingleConversion/Inc" -O0 -ffunction-sections -fdata-sections -Wall -fstack-usage -MMD -MP -MF"Drivers/STM32F4xx_HAL_Driver/Src/stm32f4xx_hal_dma_ex.d" -MT"Drivers/STM32F4xx_HAL_Driver/Src/stm32f4xx_hal_dma_ex.o" --specs=nano.specs -mfpu=fpv4-sp-d16 -mfloat-abi=hard -mthumb -o "Drivers/STM32F4xx_HAL_Driver/Src/stm32f4xx_hal_dma_ex.o"
arm-none-eabi-gcc "../Drivers/STM32F4xx_HAL_Driver/Src/stm32f4xx_hal_exti.c" -mcpu=cortex-m4 -std=gnu11 -g3 -DUSE_HAL_DRIVER -DSTM32F411xE -c -I"D:/Codes/Embedded Programming/Tutorials/HAL_API/5_ADC_SingleConversion/Drivers/CMSIS/Device/ST/STM32F4xx/Include" -I"D:/Codes/Embedded Programming/Tutorials/HAL_API/5_ADC_SingleConversion/Drivers/CMSIS/Include" -I"D:/Codes/Embedded Programming/Tutorials/HAL_API/5_ADC_SingleConversion/Drivers/STM32F4xx_HAL_Driver/Inc" -I"D:/Codes/Embedded Programming/Tutorials/HAL_API/5_ADC_SingleConversion/Inc" -O0 -ffunction-sections -fdata-sections -Wall -fstack-usage -MMD -MP -MF"Drivers/STM32F4xx_HAL_Driver/Src/stm32f4xx_hal_exti.d" -MT"Drivers/STM32F4xx_HAL_Driver/Src/stm32f4xx_hal_exti.o" --specs=nano.specs -mfpu=fpv4-sp-d16 -mfloat-abi=hard -mthumb -o "Drivers/STM32F4xx_HAL_Driver/Src/stm32f4xx_hal_exti.o"
arm-none-eabi-gcc "../Drivers/STM32F4xx_HAL_Driver/Src/stm32f4xx_hal_flash.c" -mcpu=cortex-m4 -std=gnu11 -g3 -DUSE_HAL_DRIVER -DSTM32F411xE -c -I"D:/Codes/Embedded Programming/Tutorials/HAL_API/5_ADC_SingleConversion/Drivers/CMSIS/Device/ST/STM32F4xx/Include" -I"D:/Codes/Embedded Programming/Tutorials/HAL_API/5_ADC_SingleConversion/Drivers/CMSIS/Include" -I"D:/Codes/Embedded Programming/Tutorials/HAL_API/5_ADC_SingleConversion/Drivers/STM32F4xx_HAL_Driver/Inc" -I"D:/Codes/Embedded Programming/Tutorials/HAL_API/5_ADC_SingleConversion/Inc" -O0 -ffunction-sections -fdata-sections -Wall -fstack-usage -MMD -MP -MF"Drivers/STM32F4xx_HAL_Driver/Src/stm32f4xx_hal_flash.d" -MT"Drivers/STM32F4xx_HAL_Driver/Src/stm32f4xx_hal_flash.o" --specs=nano.specs -mfpu=fpv4-sp-d16 -mfloat-abi=hard -mthumb -o "Drivers/STM32F4xx_HAL_Driver/Src/stm32f4xx_hal_flash.o"
arm-none-eabi-gcc "../Drivers/STM32F4xx_HAL_Driver/Src/stm32f4xx_hal_flash_ex.c" -mcpu=cortex-m4 -std=gnu11 -g3 -DUSE_HAL_DRIVER -DSTM32F411xE -c -I"D:/Codes/Embedded Programming/Tutorials/HAL_API/5_ADC_SingleConversion/Drivers/CMSIS/Device/ST/STM32F4xx/Include" -I"D:/Codes/Embedded Programming/Tutorials/HAL_API/5_ADC_SingleConversion/Drivers/CMSIS/Include" -I"D:/Codes/Embedded Programming/Tutorials/HAL_API/5_ADC_SingleConversion/Drivers/STM32F4xx_HAL_Driver/Inc" -I"D:/Codes/Embedded Programming/Tutorials/HAL_API/5_ADC_SingleConversion/Inc" -O0 -ffunction-sections -fdata-sections -Wall -fstack-usage -MMD -MP -MF"Drivers/STM32F4xx_HAL_Driver/Src/stm32f4xx_hal_flash_ex.d" -MT"Drivers/STM32F4xx_HAL_Driver/Src/stm32f4xx_hal_flash_ex.o" --specs=nano.specs -mfpu=fpv4-sp-d16 -mfloat-abi=hard -mthumb -o "Drivers/STM32F4xx_HAL_Driver/Src/stm32f4xx_hal_flash_ex.o"
arm-none-eabi-gcc "../Drivers/STM32F4xx_HAL_Driver/Src/stm32f4xx_hal_flash_ramfunc.c" -mcpu=cortex-m4 -std=gnu11 -g3 -DUSE_HAL_DRIVER -DSTM32F411xE -c -I"D:/Codes/Embedded Programming/Tutorials/HAL_API/5_ADC_SingleConversion/Drivers/CMSIS/Device/ST/STM32F4xx/Include" -I"D:/Codes/Embedded Programming/Tutorials/HAL_API/5_ADC_SingleConversion/Drivers/CMSIS/Include" -I"D:/Codes/Embedded Programming/Tutorials/HAL_API/5_ADC_SingleConversion/Drivers/STM32F4xx_HAL_Driver/Inc" -I"D:/Codes/Embedded Programming/Tutorials/HAL_API/5_ADC_SingleConversion/Inc" -O0 -ffunction-sections -fdata-sections -Wall -fstack-usage -MMD -MP -MF"Drivers/STM32F4xx_HAL_Driver/Src/stm32f4xx_hal_flash_ramfunc.d" -MT"Drivers/STM32F4xx_HAL_Driver/Src/stm32f4xx_hal_flash_ramfunc.o" --specs=nano.specs -mfpu=fpv4-sp-d16 -mfloat-abi=hard -mthumb -o "Drivers/STM32F4xx_HAL_Driver/Src/stm32f4xx_hal_flash_ramfunc.o"
arm-none-eabi-gcc "../Drivers/STM32F4xx_HAL_Driver/Src/stm32f4xx_hal_gpio.c" -mcpu=cortex-m4 -std=gnu11 -g3 -DUSE_HAL_DRIVER -DSTM32F411xE -c -I"D:/Codes/Embedded Programming/Tutorials/HAL_API/5_ADC_SingleConversion/Drivers/CMSIS/Device/ST/STM32F4xx/Include" -I"D:/Codes/Embedded Programming/Tutorials/HAL_API/5_ADC_SingleConversion/Drivers/CMSIS/Include" -I"D:/Codes/Embedded Programming/Tutorials/HAL_API/5_ADC_SingleConversion/Drivers/STM32F4xx_HAL_Driver/Inc" -I"D:/Codes/Embedded Programming/Tutorials/HAL_API/5_ADC_SingleConversion/Inc" -O0 -ffunction-sections -fdata-sections -Wall -fstack-usage -MMD -MP -MF"Drivers/STM32F4xx_HAL_Driver/Src/stm32f4xx_hal_gpio.d" -MT"Drivers/STM32F4xx_HAL_Driver/Src/stm32f4xx_hal_gpio.o" --specs=nano.specs -mfpu=fpv4-sp-d16 -mfloat-abi=hard -mthumb -o "Drivers/STM32F4xx_HAL_Driver/Src/stm32f4xx_hal_gpio.o"
arm-none-eabi-gcc "../Drivers/STM32F4xx_HAL_Driver/Src/stm32f4xx_hal_hash.c" -mcpu=cortex-m4 -std=gnu11 -g3 -DUSE_HAL_DRIVER -DSTM32F411xE -c -I"D:/Codes/Embedded Programming/Tutorials/HAL_API/5_ADC_SingleConversion/Drivers/CMSIS/Device/ST/STM32F4xx/Include" -I"D:/Codes/Embedded Programming/Tutorials/HAL_API/5_ADC_SingleConversion/Drivers/CMSIS/Include" -I"D:/Codes/Embedded Programming/Tutorials/HAL_API/5_ADC_SingleConversion/Drivers/STM32F4xx_HAL_Driver/Inc" -I"D:/Codes/Embedded Programming/Tutorials/HAL_API/5_ADC_SingleConversion/Inc" -O0 -ffunction-sections -fdata-sections -Wall -fstack-usage -MMD -MP -MF"Drivers/STM32F4xx_HAL_Driver/Src/stm32f4xx_hal_hash.d" -MT"Drivers/STM32F4xx_HAL_Driver/Src/stm32f4xx_hal_hash.o" --specs=nano.specs -mfpu=fpv4-sp-d16 -mfloat-abi=hard -mthumb -o "Drivers/STM32F4xx_HAL_Driver/Src/stm32f4xx_hal_hash.o"
arm-none-eabi-gcc "../Drivers/STM32F4xx_HAL_Driver/Src/stm32f4xx_hal_pwr.c" -mcpu=cortex-m4 -std=gnu11 -g3 -DUSE_HAL_DRIVER -DSTM32F411xE -c -I"D:/Codes/Embedded Programming/Tutorials/HAL_API/5_ADC_SingleConversion/Drivers/CMSIS/Device/ST/STM32F4xx/Include" -I"D:/Codes/Embedded Programming/Tutorials/HAL_API/5_ADC_SingleConversion/Drivers/CMSIS/Include" -I"D:/Codes/Embedded Programming/Tutorials/HAL_API/5_ADC_SingleConversion/Drivers/STM32F4xx_HAL_Driver/Inc" -I"D:/Codes/Embedded Programming/Tutorials/HAL_API/5_ADC_SingleConversion/Inc" -O0 -ffunction-sections -fdata-sections -Wall -fstack-usage -MMD -MP -MF"Drivers/STM32F4xx_HAL_Driver/Src/stm32f4xx_hal_pwr.d" -MT"Drivers/STM32F4xx_HAL_Driver/Src/stm32f4xx_hal_pwr.o" --specs=nano.specs -mfpu=fpv4-sp-d16 -mfloat-abi=hard -mthumb -o "Drivers/STM32F4xx_HAL_Driver/Src/stm32f4xx_hal_pwr.o"
arm-none-eabi-gcc "../Drivers/STM32F4xx_HAL_Driver/Src/stm32f4xx_hal_pwr_ex.c" -mcpu=cortex-m4 -std=gnu11 -g3 -DUSE_HAL_DRIVER -DSTM32F411xE -c -I"D:/Codes/Embedded Programming/Tutorials/HAL_API/5_ADC_SingleConversion/Drivers/CMSIS/Device/ST/STM32F4xx/Include" -I"D:/Codes/Embedded Programming/Tutorials/HAL_API/5_ADC_SingleConversion/Drivers/CMSIS/Include" -I"D:/Codes/Embedded Programming/Tutorials/HAL_API/5_ADC_SingleConversion/Drivers/STM32F4xx_HAL_Driver/Inc" -I"D:/Codes/Embedded Programming/Tutorials/HAL_API/5_ADC_SingleConversion/Inc" -O0 -ffunction-sections -fdata-sections -Wall -fstack-usage -MMD -MP -MF"Drivers/STM32F4xx_HAL_Driver/Src/stm32f4xx_hal_pwr_ex.d" -MT"Drivers/STM32F4xx_HAL_Driver/Src/stm32f4xx_hal_pwr_ex.o" --specs=nano.specs -mfpu=fpv4-sp-d16 -mfloat-abi=hard -mthumb -o "Drivers/STM32F4xx_HAL_Driver/Src/stm32f4xx_hal_pwr_ex.o"
arm-none-eabi-gcc "../Drivers/STM32F4xx_HAL_Driver/Src/stm32f4xx_hal_rcc.c" -mcpu=cortex-m4 -std=gnu11 -g3 -DUSE_HAL_DRIVER -DSTM32F411xE -c -I"D:/Codes/Embedded Programming/Tutorials/HAL_API/5_ADC_SingleConversion/Drivers/CMSIS/Device/ST/STM32F4xx/Include" -I"D:/Codes/Embedded Programming/Tutorials/HAL_API/5_ADC_SingleConversion/Drivers/CMSIS/Include" -I"D:/Codes/Embedded Programming/Tutorials/HAL_API/5_ADC_SingleConversion/Drivers/STM32F4xx_HAL_Driver/Inc" -I"D:/Codes/Embedded Programming/Tutorials/HAL_API/5_ADC_SingleConversion/Inc" -O0 -ffunction-sections -fdata-sections -Wall -fstack-usage -MMD -MP -MF"Drivers/STM32F4xx_HAL_Driver/Src/stm32f4xx_hal_rcc.d" -MT"Drivers/STM32F4xx_HAL_Driver/Src/stm32f4xx_hal_rcc.o" --specs=nano.specs -mfpu=fpv4-sp-d16 -mfloat-abi=hard -mthumb -o "Drivers/STM32F4xx_HAL_Driver/Src/stm32f4xx_hal_rcc.o"
arm-none-eabi-gcc "../Drivers/STM32F4xx_HAL_Driver/Src/stm32f4xx_hal_rcc_ex.c" -mcpu=cortex-m4 -std=gnu11 -g3 -DUSE_HAL_DRIVER -DSTM32F411xE -c -I"D:/Codes/Embedded Programming/Tutorials/HAL_API/5_ADC_SingleConversion/Drivers/CMSIS/Device/ST/STM32F4xx/Include" -I"D:/Codes/Embedded Programming/Tutorials/HAL_API/5_ADC_SingleConversion/Drivers/CMSIS/Include" -I"D:/Codes/Embedded Programming/Tutorials/HAL_API/5_ADC_SingleConversion/Drivers/STM32F4xx_HAL_Driver/Inc" -I"D:/Codes/Embedded Programming/Tutorials/HAL_API/5_ADC_SingleConversion/Inc" -O0 -ffunction-sections -fdata-sections -Wall -fstack-usage -MMD -MP -MF"Drivers/STM32F4xx_HAL_Driver/Src/stm32f4xx_hal_rcc_ex.d" -MT"Drivers/STM32F4xx_HAL_Driver/Src/stm32f4xx_hal_rcc_ex.o" --specs=nano.specs -mfpu=fpv4-sp-d16 -mfloat-abi=hard -mthumb -o "Drivers/STM32F4xx_HAL_Driver/Src/stm32f4xx_hal_rcc_ex.o"
arm-none-eabi-gcc "../Drivers/STM32F4xx_HAL_Driver/Src/stm32f4xx_hal_uart.c" -mcpu=cortex-m4 -std=gnu11 -g3 -DUSE_HAL_DRIVER -DSTM32F411xE -c -I"D:/Codes/Embedded Programming/Tutorials/HAL_API/5_ADC_SingleConversion/Drivers/CMSIS/Device/ST/STM32F4xx/Include" -I"D:/Codes/Embedded Programming/Tutorials/HAL_API/5_ADC_SingleConversion/Drivers/CMSIS/Include" -I"D:/Codes/Embedded Programming/Tutorials/HAL_API/5_ADC_SingleConversion/Drivers/STM32F4xx_HAL_Driver/Inc" -I"D:/Codes/Embedded Programming/Tutorials/HAL_API/5_ADC_SingleConversion/Inc" -O0 -ffunction-sections -fdata-sections -Wall -fstack-usage -MMD -MP -MF"Drivers/STM32F4xx_HAL_Driver/Src/stm32f4xx_hal_uart.d" -MT"Drivers/STM32F4xx_HAL_Driver/Src/stm32f4xx_hal_uart.o" --specs=nano.specs -mfpu=fpv4-sp-d16 -mfloat-abi=hard -mthumb -o "Drivers/STM32F4xx_HAL_Driver/Src/stm32f4xx_hal_uart.o"
arm-none-eabi-gcc "../Drivers/STM32F4xx_HAL_Driver/Src/stm32f4xx_hal_usart.c" -mcpu=cortex-m4 -std=gnu11 -g3 -DUSE_HAL_DRIVER -DSTM32F411xE -c -I"D:/Codes/Embedded Programming/Tutorials/HAL_API/5_ADC_SingleConversion/Drivers/CMSIS/Device/ST/STM32F4xx/Include" -I"D:/Codes/Embedded Programming/Tutorials/HAL_API/5_ADC_SingleConversion/Drivers/CMSIS/Include" -I"D:/Codes/Embedded Programming/Tutorials/HAL_API/5_ADC_SingleConversion/Drivers/STM32F4xx_HAL_Driver/Inc" -I"D:/Codes/Embedded Programming/Tutorials/HAL_API/5_ADC_SingleConversion/Inc" -O0 -ffunction-sections -fdata-sections -Wall -fstack-usage -MMD -MP -MF"Drivers/STM32F4xx_HAL_Driver/Src/stm32f4xx_hal_usart.d" -MT"Drivers/STM32F4xx_HAL_Driver/Src/stm32f4xx_hal_usart.o" --specs=nano.specs -mfpu=fpv4-sp-d16 -mfloat-abi=hard -mthumb -o "Drivers/STM32F4xx_HAL_Driver/Src/stm32f4xx_hal_usart.o"
arm-none-eabi-gcc -o "5_ADC_SingleConversion.elf" @"objects.list"   -mcpu=cortex-m4 -T"D:\Codes\Embedded Programming\Tutorials\HAL_API\5_ADC_SingleConversion\STM32F411RETX_FLASH.ld" --specs=nosys.specs -Wl,-Map="5_ADC_SingleConversion.map" -Wl,--gc-sections -static --specs=nano.specs -mfpu=fpv4-sp-d16 -mfloat-abi=hard -mthumb -Wl,--start-group -lc -lm -Wl,--end-group
Finished building target: 5_ADC_SingleConversion.elf
 
arm-none-eabi-size   5_ADC_SingleConversion.elf 
arm-none-eabi-objdump -h -S  5_ADC_SingleConversion.elf  > "5_ADC_SingleConversion.list"
   text	   data	    bss	    dec	    hex	filename
   8084	     20	   1708	   9812	   2654	5_ADC_SingleConversion.elf
Finished building: default.size.stdout
 
Finished building: 5_ADC_SingleConversion.list
 
16:14:57 **** Incremental Build of configuration Debug for project 5_ADC_SingleConversion ****
make -j8 all 
arm-none-eabi-gcc -mcpu=cortex-m4 -g3 -c -x assembler-with-cpp -MMD -MP -MF"Startup/startup_stm32f411retx.d" -MT"Startup/startup_stm32f411retx.o" --specs=nano.specs -mfpu=fpv4-sp-d16 -mfloat-abi=hard -mthumb -o "Startup/startup_stm32f411retx.o" "../Startup/startup_stm32f411retx.s"
arm-none-eabi-gcc "../Src/adc.c" -mcpu=cortex-m4 -std=gnu11 -g3 -DUSE_HAL_DRIVER -DSTM32F411xE -c -I"D:/Codes/Embedded Programming/Tutorials/HAL_API/5_ADC_SingleConversion/Drivers/CMSIS/Device/ST/STM32F4xx/Include" -I"D:/Codes/Embedded Programming/Tutorials/HAL_API/5_ADC_SingleConversion/Drivers/CMSIS/Include" -I"D:/Codes/Embedded Programming/Tutorials/HAL_API/5_ADC_SingleConversion/Drivers/STM32F4xx_HAL_Driver/Inc" -I"D:/Codes/Embedded Programming/Tutorials/HAL_API/5_ADC_SingleConversion/Inc" -O0 -ffunction-sections -fdata-sections -Wall -fstack-usage -MMD -MP -MF"Src/adc.d" -MT"Src/adc.o" --specs=nano.specs -mfpu=fpv4-sp-d16 -mfloat-abi=hard -mthumb -o "Src/adc.o"
arm-none-eabi-gcc "../Src/main.c" -mcpu=cortex-m4 -std=gnu11 -g3 -DUSE_HAL_DRIVER -DSTM32F411xE -c -I"D:/Codes/Embedded Programming/Tutorials/HAL_API/5_ADC_SingleConversion/Drivers/CMSIS/Device/ST/STM32F4xx/Include" -I"D:/Codes/Embedded Programming/Tutorials/HAL_API/5_ADC_SingleConversion/Drivers/CMSIS/Include" -I"D:/Codes/Embedded Programming/Tutorials/HAL_API/5_ADC_SingleConversion/Drivers/STM32F4xx_HAL_Driver/Inc" -I"D:/Codes/Embedded Programming/Tutorials/HAL_API/5_ADC_SingleConversion/Inc" -O0 -ffunction-sections -fdata-sections -Wall -fstack-usage -MMD -MP -MF"Src/main.d" -MT"Src/main.o" --specs=nano.specs -mfpu=fpv4-sp-d16 -mfloat-abi=hard -mthumb -o "Src/main.o"
arm-none-eabi-gcc "../Src/syscalls.c" -mcpu=cortex-m4 -std=gnu11 -g3 -DUSE_HAL_DRIVER -DSTM32F411xE -c -I"D:/Codes/Embedded Programming/Tutorials/HAL_API/5_ADC_SingleConversion/Drivers/CMSIS/Device/ST/STM32F4xx/Include" -I"D:/Codes/Embedded Programming/Tutorials/HAL_API/5_ADC_SingleConversion/Drivers/CMSIS/Include" -I"D:/Codes/Embedded Programming/Tutorials/HAL_API/5_ADC_SingleConversion/Drivers/STM32F4xx_HAL_Driver/Inc" -I"D:/Codes/Embedded Programming/Tutorials/HAL_API/5_ADC_SingleConversion/Inc" -O0 -ffunction-sections -fdata-sections -Wall -fstack-usage -MMD -MP -MF"Src/syscalls.d" -MT"Src/syscalls.o" --specs=nano.specs -mfpu=fpv4-sp-d16 -mfloat-abi=hard -mthumb -o "Src/syscalls.o"
arm-none-eabi-gcc "../Src/sysmem.c" -mcpu=cortex-m4 -std=gnu11 -g3 -DUSE_HAL_DRIVER -DSTM32F411xE -c -I"D:/Codes/Embedded Programming/Tutorials/HAL_API/5_ADC_SingleConversion/Drivers/CMSIS/Device/ST/STM32F4xx/Include" -I"D:/Codes/Embedded Programming/Tutorials/HAL_API/5_ADC_SingleConversion/Drivers/CMSIS/Include" -I"D:/Codes/Embedded Programming/Tutorials/HAL_API/5_ADC_SingleConversion/Drivers/STM32F4xx_HAL_Driver/Inc" -I"D:/Codes/Embedded Programming/Tutorials/HAL_API/5_ADC_SingleConversion/Inc" -O0 -ffunction-sections -fdata-sections -Wall -fstack-usage -MMD -MP -MF"Src/sysmem.d" -MT"Src/sysmem.o" --specs=nano.specs -mfpu=fpv4-sp-d16 -mfloat-abi=hard -mthumb -o "Src/sysmem.o"
arm-none-eabi-gcc "../Src/system_stm32f4xx.c" -mcpu=cortex-m4 -std=gnu11 -g3 -DUSE_HAL_DRIVER -DSTM32F411xE -c -I"D:/Codes/Embedded Programming/Tutorials/HAL_API/5_ADC_SingleConversion/Drivers/CMSIS/Device/ST/STM32F4xx/Include" -I"D:/Codes/Embedded Programming/Tutorials/HAL_API/5_ADC_SingleConversion/Drivers/CMSIS/Include" -I"D:/Codes/Embedded Programming/Tutorials/HAL_API/5_ADC_SingleConversion/Drivers/STM32F4xx_HAL_Driver/Inc" -I"D:/Codes/Embedded Programming/Tutorials/HAL_API/5_ADC_SingleConversion/Inc" -O0 -ffunction-sections -fdata-sections -Wall -fstack-usage -MMD -MP -MF"Src/system_stm32f4xx.d" -MT"Src/system_stm32f4xx.o" --specs=nano.specs -mfpu=fpv4-sp-d16 -mfloat-abi=hard -mthumb -o "Src/system_stm32f4xx.o"
arm-none-eabi-gcc "../Src/uart.c" -mcpu=cortex-m4 -std=gnu11 -g3 -DUSE_HAL_DRIVER -DSTM32F411xE -c -I"D:/Codes/Embedded Programming/Tutorials/HAL_API/5_ADC_SingleConversion/Drivers/CMSIS/Device/ST/STM32F4xx/Include" -I"D:/Codes/Embedded Programming/Tutorials/HAL_API/5_ADC_SingleConversion/Drivers/CMSIS/Include" -I"D:/Codes/Embedded Programming/Tutorials/HAL_API/5_ADC_SingleConversion/Drivers/STM32F4xx_HAL_Driver/Inc" -I"D:/Codes/Embedded Programming/Tutorials/HAL_API/5_ADC_SingleConversion/Inc" -O0 -ffunction-sections -fdata-sections -Wall -fstack-usage -MMD -MP -MF"Src/uart.d" -MT"Src/uart.o" --specs=nano.specs -mfpu=fpv4-sp-d16 -mfloat-abi=hard -mthumb -o "Src/uart.o"
arm-none-eabi-gcc "../Drivers/STM32F4xx_HAL_Driver/Src/stm32f4xx_hal.c" -mcpu=cortex-m4 -std=gnu11 -g3 -DUSE_HAL_DRIVER -DSTM32F411xE -c -I"D:/Codes/Embedded Programming/Tutorials/HAL_API/5_ADC_SingleConversion/Drivers/CMSIS/Device/ST/STM32F4xx/Include" -I"D:/Codes/Embedded Programming/Tutorials/HAL_API/5_ADC_SingleConversion/Drivers/CMSIS/Include" -I"D:/Codes/Embedded Programming/Tutorials/HAL_API/5_ADC_SingleConversion/Drivers/STM32F4xx_HAL_Driver/Inc" -I"D:/Codes/Embedded Programming/Tutorials/HAL_API/5_ADC_SingleConversion/Inc" -O0 -ffunction-sections -fdata-sections -Wall -fstack-usage -MMD -MP -MF"Drivers/STM32F4xx_HAL_Driver/Src/stm32f4xx_hal.d" -MT"Drivers/STM32F4xx_HAL_Driver/Src/stm32f4xx_hal.o" --specs=nano.specs -mfpu=fpv4-sp-d16 -mfloat-abi=hard -mthumb -o "Drivers/STM32F4xx_HAL_Driver/Src/stm32f4xx_hal.o"
arm-none-eabi-gcc "../Drivers/STM32F4xx_HAL_Driver/Src/stm32f4xx_hal_adc.c" -mcpu=cortex-m4 -std=gnu11 -g3 -DUSE_HAL_DRIVER -DSTM32F411xE -c -I"D:/Codes/Embedded Programming/Tutorials/HAL_API/5_ADC_SingleConversion/Drivers/CMSIS/Device/ST/STM32F4xx/Include" -I"D:/Codes/Embedded Programming/Tutorials/HAL_API/5_ADC_SingleConversion/Drivers/CMSIS/Include" -I"D:/Codes/Embedded Programming/Tutorials/HAL_API/5_ADC_SingleConversion/Drivers/STM32F4xx_HAL_Driver/Inc" -I"D:/Codes/Embedded Programming/Tutorials/HAL_API/5_ADC_SingleConversion/Inc" -O0 -ffunction-sections -fdata-sections -Wall -fstack-usage -MMD -MP -MF"Drivers/STM32F4xx_HAL_Driver/Src/stm32f4xx_hal_adc.d" -MT"Drivers/STM32F4xx_HAL_Driver/Src/stm32f4xx_hal_adc.o" --specs=nano.specs -mfpu=fpv4-sp-d16 -mfloat-abi=hard -mthumb -o "Drivers/STM32F4xx_HAL_Driver/Src/stm32f4xx_hal_adc.o"
arm-none-eabi-gcc "../Drivers/STM32F4xx_HAL_Driver/Src/stm32f4xx_hal_adc_ex.c" -mcpu=cortex-m4 -std=gnu11 -g3 -DUSE_HAL_DRIVER -DSTM32F411xE -c -I"D:/Codes/Embedded Programming/Tutorials/HAL_API/5_ADC_SingleConversion/Drivers/CMSIS/Device/ST/STM32F4xx/Include" -I"D:/Codes/Embedded Programming/Tutorials/HAL_API/5_ADC_SingleConversion/Drivers/CMSIS/Include" -I"D:/Codes/Embedded Programming/Tutorials/HAL_API/5_ADC_SingleConversion/Drivers/STM32F4xx_HAL_Driver/Inc" -I"D:/Codes/Embedded Programming/Tutorials/HAL_API/5_ADC_SingleConversion/Inc" -O0 -ffunction-sections -fdata-sections -Wall -fstack-usage -MMD -MP -MF"Drivers/STM32F4xx_HAL_Driver/Src/stm32f4xx_hal_adc_ex.d" -MT"Drivers/STM32F4xx_HAL_Driver/Src/stm32f4xx_hal_adc_ex.o" --specs=nano.specs -mfpu=fpv4-sp-d16 -mfloat-abi=hard -mthumb -o "Drivers/STM32F4xx_HAL_Driver/Src/stm32f4xx_hal_adc_ex.o"
arm-none-eabi-gcc "../Drivers/STM32F4xx_HAL_Driver/Src/stm32f4xx_hal_cortex.c" -mcpu=cortex-m4 -std=gnu11 -g3 -DUSE_HAL_DRIVER -DSTM32F411xE -c -I"D:/Codes/Embedded Programming/Tutorials/HAL_API/5_ADC_SingleConversion/Drivers/CMSIS/Device/ST/STM32F4xx/Include" -I"D:/Codes/Embedded Programming/Tutorials/HAL_API/5_ADC_SingleConversion/Drivers/CMSIS/Include" -I"D:/Codes/Embedded Programming/Tutorials/HAL_API/5_ADC_SingleConversion/Drivers/STM32F4xx_HAL_Driver/Inc" -I"D:/Codes/Embedded Programming/Tutorials/HAL_API/5_ADC_SingleConversion/Inc" -O0 -ffunction-sections -fdata-sections -Wall -fstack-usage -MMD -MP -MF"Drivers/STM32F4xx_HAL_Driver/Src/stm32f4xx_hal_cortex.d" -MT"Drivers/STM32F4xx_HAL_Driver/Src/stm32f4xx_hal_cortex.o" --specs=nano.specs -mfpu=fpv4-sp-d16 -mfloat-abi=hard -mthumb -o "Drivers/STM32F4xx_HAL_Driver/Src/stm32f4xx_hal_cortex.o"
../Src/main.c: In function 'main':
arm-none-eabi-gcc "../Drivers/STM32F4xx_HAL_Driver/Src/stm32f4xx_hal_dma.c" -mcpu=cortex-m4 -std=gnu11 -g3 -DUSE_HAL_DRIVER -DSTM32F411xE -c -I"D:/Codes/Embedded Programming/Tutorials/HAL_API/5_ADC_SingleConversion/Drivers/CMSIS/Device/ST/STM32F4xx/Include" -I"D:/Codes/Embedded Programming/Tutorials/HAL_API/5_ADC_SingleConversion/Drivers/CMSIS/Include" -I"D:/Codes/Embedded Programming/Tutorials/HAL_API/5_ADC_SingleConversion/Drivers/STM32F4xx_HAL_Driver/Inc" -I"D:/Codes/Embedded Programming/Tutorials/HAL_API/5_ADC_SingleConversion/Inc" -O0 -ffunction-sections -fdata-sections -Wall -fstack-usage -MMD -MP -MF"Drivers/STM32F4xx_HAL_Driver/Src/stm32f4xx_hal_dma.d" -MT"Drivers/STM32F4xx_HAL_Driver/Src/stm32f4xx_hal_dma.o" --specs=nano.specs -mfpu=fpv4-sp-d16 -mfloat-abi=hard -mthumb -o "Drivers/STM32F4xx_HAL_Driver/Src/stm32f4xx_hal_dma.o"
../Src/main.c:29:26: warning: format '%d' expects argument of type 'int', but argument 2 has type 'uint32_t' {aka 'long unsigned int'} [-Wformat=]
   29 |   printf("Sensor Value: %d", sensorValue);
      |                         ~^   ~~~~~~~~~~~
      |                          |   |
      |                          int uint32_t {aka long unsigned int}
      |                         %ld
arm-none-eabi-gcc "../Drivers/STM32F4xx_HAL_Driver/Src/stm32f4xx_hal_dma_ex.c" -mcpu=cortex-m4 -std=gnu11 -g3 -DUSE_HAL_DRIVER -DSTM32F411xE -c -I"D:/Codes/Embedded Programming/Tutorials/HAL_API/5_ADC_SingleConversion/Drivers/CMSIS/Device/ST/STM32F4xx/Include" -I"D:/Codes/Embedded Programming/Tutorials/HAL_API/5_ADC_SingleConversion/Drivers/CMSIS/Include" -I"D:/Codes/Embedded Programming/Tutorials/HAL_API/5_ADC_SingleConversion/Drivers/STM32F4xx_HAL_Driver/Inc" -I"D:/Codes/Embedded Programming/Tutorials/HAL_API/5_ADC_SingleConversion/Inc" -O0 -ffunction-sections -fdata-sections -Wall -fstack-usage -MMD -MP -MF"Drivers/STM32F4xx_HAL_Driver/Src/stm32f4xx_hal_dma_ex.d" -MT"Drivers/STM32F4xx_HAL_Driver/Src/stm32f4xx_hal_dma_ex.o" --specs=nano.specs -mfpu=fpv4-sp-d16 -mfloat-abi=hard -mthumb -o "Drivers/STM32F4xx_HAL_Driver/Src/stm32f4xx_hal_dma_ex.o"
arm-none-eabi-gcc "../Drivers/STM32F4xx_HAL_Driver/Src/stm32f4xx_hal_exti.c" -mcpu=cortex-m4 -std=gnu11 -g3 -DUSE_HAL_DRIVER -DSTM32F411xE -c -I"D:/Codes/Embedded Programming/Tutorials/HAL_API/5_ADC_SingleConversion/Drivers/CMSIS/Device/ST/STM32F4xx/Include" -I"D:/Codes/Embedded Programming/Tutorials/HAL_API/5_ADC_SingleConversion/Drivers/CMSIS/Include" -I"D:/Codes/Embedded Programming/Tutorials/HAL_API/5_ADC_SingleConversion/Drivers/STM32F4xx_HAL_Driver/Inc" -I"D:/Codes/Embedded Programming/Tutorials/HAL_API/5_ADC_SingleConversion/Inc" -O0 -ffunction-sections -fdata-sections -Wall -fstack-usage -MMD -MP -MF"Drivers/STM32F4xx_HAL_Driver/Src/stm32f4xx_hal_exti.d" -MT"Drivers/STM32F4xx_HAL_Driver/Src/stm32f4xx_hal_exti.o" --specs=nano.specs -mfpu=fpv4-sp-d16 -mfloat-abi=hard -mthumb -o "Drivers/STM32F4xx_HAL_Driver/Src/stm32f4xx_hal_exti.o"
arm-none-eabi-gcc "../Drivers/STM32F4xx_HAL_Driver/Src/stm32f4xx_hal_flash.c" -mcpu=cortex-m4 -std=gnu11 -g3 -DUSE_HAL_DRIVER -DSTM32F411xE -c -I"D:/Codes/Embedded Programming/Tutorials/HAL_API/5_ADC_SingleConversion/Drivers/CMSIS/Device/ST/STM32F4xx/Include" -I"D:/Codes/Embedded Programming/Tutorials/HAL_API/5_ADC_SingleConversion/Drivers/CMSIS/Include" -I"D:/Codes/Embedded Programming/Tutorials/HAL_API/5_ADC_SingleConversion/Drivers/STM32F4xx_HAL_Driver/Inc" -I"D:/Codes/Embedded Programming/Tutorials/HAL_API/5_ADC_SingleConversion/Inc" -O0 -ffunction-sections -fdata-sections -Wall -fstack-usage -MMD -MP -MF"Drivers/STM32F4xx_HAL_Driver/Src/stm32f4xx_hal_flash.d" -MT"Drivers/STM32F4xx_HAL_Driver/Src/stm32f4xx_hal_flash.o" --specs=nano.specs -mfpu=fpv4-sp-d16 -mfloat-abi=hard -mthumb -o "Drivers/STM32F4xx_HAL_Driver/Src/stm32f4xx_hal_flash.o"
arm-none-eabi-gcc "../Drivers/STM32F4xx_HAL_Driver/Src/stm32f4xx_hal_flash_ex.c" -mcpu=cortex-m4 -std=gnu11 -g3 -DUSE_HAL_DRIVER -DSTM32F411xE -c -I"D:/Codes/Embedded Programming/Tutorials/HAL_API/5_ADC_SingleConversion/Drivers/CMSIS/Device/ST/STM32F4xx/Include" -I"D:/Codes/Embedded Programming/Tutorials/HAL_API/5_ADC_SingleConversion/Drivers/CMSIS/Include" -I"D:/Codes/Embedded Programming/Tutorials/HAL_API/5_ADC_SingleConversion/Drivers/STM32F4xx_HAL_Driver/Inc" -I"D:/Codes/Embedded Programming/Tutorials/HAL_API/5_ADC_SingleConversion/Inc" -O0 -ffunction-sections -fdata-sections -Wall -fstack-usage -MMD -MP -MF"Drivers/STM32F4xx_HAL_Driver/Src/stm32f4xx_hal_flash_ex.d" -MT"Drivers/STM32F4xx_HAL_Driver/Src/stm32f4xx_hal_flash_ex.o" --specs=nano.specs -mfpu=fpv4-sp-d16 -mfloat-abi=hard -mthumb -o "Drivers/STM32F4xx_HAL_Driver/Src/stm32f4xx_hal_flash_ex.o"
arm-none-eabi-gcc "../Drivers/STM32F4xx_HAL_Driver/Src/stm32f4xx_hal_flash_ramfunc.c" -mcpu=cortex-m4 -std=gnu11 -g3 -DUSE_HAL_DRIVER -DSTM32F411xE -c -I"D:/Codes/Embedded Programming/Tutorials/HAL_API/5_ADC_SingleConversion/Drivers/CMSIS/Device/ST/STM32F4xx/Include" -I"D:/Codes/Embedded Programming/Tutorials/HAL_API/5_ADC_SingleConversion/Drivers/CMSIS/Include" -I"D:/Codes/Embedded Programming/Tutorials/HAL_API/5_ADC_SingleConversion/Drivers/STM32F4xx_HAL_Driver/Inc" -I"D:/Codes/Embedded Programming/Tutorials/HAL_API/5_ADC_SingleConversion/Inc" -O0 -ffunction-sections -fdata-sections -Wall -fstack-usage -MMD -MP -MF"Drivers/STM32F4xx_HAL_Driver/Src/stm32f4xx_hal_flash_ramfunc.d" -MT"Drivers/STM32F4xx_HAL_Driver/Src/stm32f4xx_hal_flash_ramfunc.o" --specs=nano.specs -mfpu=fpv4-sp-d16 -mfloat-abi=hard -mthumb -o "Drivers/STM32F4xx_HAL_Driver/Src/stm32f4xx_hal_flash_ramfunc.o"
arm-none-eabi-gcc "../Drivers/STM32F4xx_HAL_Driver/Src/stm32f4xx_hal_gpio.c" -mcpu=cortex-m4 -std=gnu11 -g3 -DUSE_HAL_DRIVER -DSTM32F411xE -c -I"D:/Codes/Embedded Programming/Tutorials/HAL_API/5_ADC_SingleConversion/Drivers/CMSIS/Device/ST/STM32F4xx/Include" -I"D:/Codes/Embedded Programming/Tutorials/HAL_API/5_ADC_SingleConversion/Drivers/CMSIS/Include" -I"D:/Codes/Embedded Programming/Tutorials/HAL_API/5_ADC_SingleConversion/Drivers/STM32F4xx_HAL_Driver/Inc" -I"D:/Codes/Embedded Programming/Tutorials/HAL_API/5_ADC_SingleConversion/Inc" -O0 -ffunction-sections -fdata-sections -Wall -fstack-usage -MMD -MP -MF"Drivers/STM32F4xx_HAL_Driver/Src/stm32f4xx_hal_gpio.d" -MT"Drivers/STM32F4xx_HAL_Driver/Src/stm32f4xx_hal_gpio.o" --specs=nano.specs -mfpu=fpv4-sp-d16 -mfloat-abi=hard -mthumb -o "Drivers/STM32F4xx_HAL_Driver/Src/stm32f4xx_hal_gpio.o"
arm-none-eabi-gcc "../Drivers/STM32F4xx_HAL_Driver/Src/stm32f4xx_hal_hash.c" -mcpu=cortex-m4 -std=gnu11 -g3 -DUSE_HAL_DRIVER -DSTM32F411xE -c -I"D:/Codes/Embedded Programming/Tutorials/HAL_API/5_ADC_SingleConversion/Drivers/CMSIS/Device/ST/STM32F4xx/Include" -I"D:/Codes/Embedded Programming/Tutorials/HAL_API/5_ADC_SingleConversion/Drivers/CMSIS/Include" -I"D:/Codes/Embedded Programming/Tutorials/HAL_API/5_ADC_SingleConversion/Drivers/STM32F4xx_HAL_Driver/Inc" -I"D:/Codes/Embedded Programming/Tutorials/HAL_API/5_ADC_SingleConversion/Inc" -O0 -ffunction-sections -fdata-sections -Wall -fstack-usage -MMD -MP -MF"Drivers/STM32F4xx_HAL_Driver/Src/stm32f4xx_hal_hash.d" -MT"Drivers/STM32F4xx_HAL_Driver/Src/stm32f4xx_hal_hash.o" --specs=nano.specs -mfpu=fpv4-sp-d16 -mfloat-abi=hard -mthumb -o "Drivers/STM32F4xx_HAL_Driver/Src/stm32f4xx_hal_hash.o"
arm-none-eabi-gcc "../Drivers/STM32F4xx_HAL_Driver/Src/stm32f4xx_hal_pwr.c" -mcpu=cortex-m4 -std=gnu11 -g3 -DUSE_HAL_DRIVER -DSTM32F411xE -c -I"D:/Codes/Embedded Programming/Tutorials/HAL_API/5_ADC_SingleConversion/Drivers/CMSIS/Device/ST/STM32F4xx/Include" -I"D:/Codes/Embedded Programming/Tutorials/HAL_API/5_ADC_SingleConversion/Drivers/CMSIS/Include" -I"D:/Codes/Embedded Programming/Tutorials/HAL_API/5_ADC_SingleConversion/Drivers/STM32F4xx_HAL_Driver/Inc" -I"D:/Codes/Embedded Programming/Tutorials/HAL_API/5_ADC_SingleConversion/Inc" -O0 -ffunction-sections -fdata-sections -Wall -fstack-usage -MMD -MP -MF"Drivers/STM32F4xx_HAL_Driver/Src/stm32f4xx_hal_pwr.d" -MT"Drivers/STM32F4xx_HAL_Driver/Src/stm32f4xx_hal_pwr.o" --specs=nano.specs -mfpu=fpv4-sp-d16 -mfloat-abi=hard -mthumb -o "Drivers/STM32F4xx_HAL_Driver/Src/stm32f4xx_hal_pwr.o"
arm-none-eabi-gcc "../Drivers/STM32F4xx_HAL_Driver/Src/stm32f4xx_hal_pwr_ex.c" -mcpu=cortex-m4 -std=gnu11 -g3 -DUSE_HAL_DRIVER -DSTM32F411xE -c -I"D:/Codes/Embedded Programming/Tutorials/HAL_API/5_ADC_SingleConversion/Drivers/CMSIS/Device/ST/STM32F4xx/Include" -I"D:/Codes/Embedded Programming/Tutorials/HAL_API/5_ADC_SingleConversion/Drivers/CMSIS/Include" -I"D:/Codes/Embedded Programming/Tutorials/HAL_API/5_ADC_SingleConversion/Drivers/STM32F4xx_HAL_Driver/Inc" -I"D:/Codes/Embedded Programming/Tutorials/HAL_API/5_ADC_SingleConversion/Inc" -O0 -ffunction-sections -fdata-sections -Wall -fstack-usage -MMD -MP -MF"Drivers/STM32F4xx_HAL_Driver/Src/stm32f4xx_hal_pwr_ex.d" -MT"Drivers/STM32F4xx_HAL_Driver/Src/stm32f4xx_hal_pwr_ex.o" --specs=nano.specs -mfpu=fpv4-sp-d16 -mfloat-abi=hard -mthumb -o "Drivers/STM32F4xx_HAL_Driver/Src/stm32f4xx_hal_pwr_ex.o"
arm-none-eabi-gcc "../Drivers/STM32F4xx_HAL_Driver/Src/stm32f4xx_hal_rcc.c" -mcpu=cortex-m4 -std=gnu11 -g3 -DUSE_HAL_DRIVER -DSTM32F411xE -c -I"D:/Codes/Embedded Programming/Tutorials/HAL_API/5_ADC_SingleConversion/Drivers/CMSIS/Device/ST/STM32F4xx/Include" -I"D:/Codes/Embedded Programming/Tutorials/HAL_API/5_ADC_SingleConversion/Drivers/CMSIS/Include" -I"D:/Codes/Embedded Programming/Tutorials/HAL_API/5_ADC_SingleConversion/Drivers/STM32F4xx_HAL_Driver/Inc" -I"D:/Codes/Embedded Programming/Tutorials/HAL_API/5_ADC_SingleConversion/Inc" -O0 -ffunction-sections -fdata-sections -Wall -fstack-usage -MMD -MP -MF"Drivers/STM32F4xx_HAL_Driver/Src/stm32f4xx_hal_rcc.d" -MT"Drivers/STM32F4xx_HAL_Driver/Src/stm32f4xx_hal_rcc.o" --specs=nano.specs -mfpu=fpv4-sp-d16 -mfloat-abi=hard -mthumb -o "Drivers/STM32F4xx_HAL_Driver/Src/stm32f4xx_hal_rcc.o"
arm-none-eabi-gcc "../Drivers/STM32F4xx_HAL_Driver/Src/stm32f4xx_hal_rcc_ex.c" -mcpu=cortex-m4 -std=gnu11 -g3 -DUSE_HAL_DRIVER -DSTM32F411xE -c -I"D:/Codes/Embedded Programming/Tutorials/HAL_API/5_ADC_SingleConversion/Drivers/CMSIS/Device/ST/STM32F4xx/Include" -I"D:/Codes/Embedded Programming/Tutorials/HAL_API/5_ADC_SingleConversion/Drivers/CMSIS/Include" -I"D:/Codes/Embedded Programming/Tutorials/HAL_API/5_ADC_SingleConversion/Drivers/STM32F4xx_HAL_Driver/Inc" -I"D:/Codes/Embedded Programming/Tutorials/HAL_API/5_ADC_SingleConversion/Inc" -O0 -ffunction-sections -fdata-sections -Wall -fstack-usage -MMD -MP -MF"Drivers/STM32F4xx_HAL_Driver/Src/stm32f4xx_hal_rcc_ex.d" -MT"Drivers/STM32F4xx_HAL_Driver/Src/stm32f4xx_hal_rcc_ex.o" --specs=nano.specs -mfpu=fpv4-sp-d16 -mfloat-abi=hard -mthumb -o "Drivers/STM32F4xx_HAL_Driver/Src/stm32f4xx_hal_rcc_ex.o"
arm-none-eabi-gcc "../Drivers/STM32F4xx_HAL_Driver/Src/stm32f4xx_hal_uart.c" -mcpu=cortex-m4 -std=gnu11 -g3 -DUSE_HAL_DRIVER -DSTM32F411xE -c -I"D:/Codes/Embedded Programming/Tutorials/HAL_API/5_ADC_SingleConversion/Drivers/CMSIS/Device/ST/STM32F4xx/Include" -I"D:/Codes/Embedded Programming/Tutorials/HAL_API/5_ADC_SingleConversion/Drivers/CMSIS/Include" -I"D:/Codes/Embedded Programming/Tutorials/HAL_API/5_ADC_SingleConversion/Drivers/STM32F4xx_HAL_Driver/Inc" -I"D:/Codes/Embedded Programming/Tutorials/HAL_API/5_ADC_SingleConversion/Inc" -O0 -ffunction-sections -fdata-sections -Wall -fstack-usage -MMD -MP -MF"Drivers/STM32F4xx_HAL_Driver/Src/stm32f4xx_hal_uart.d" -MT"Drivers/STM32F4xx_HAL_Driver/Src/stm32f4xx_hal_uart.o" --specs=nano.specs -mfpu=fpv4-sp-d16 -mfloat-abi=hard -mthumb -o "Drivers/STM32F4xx_HAL_Driver/Src/stm32f4xx_hal_uart.o"
arm-none-eabi-gcc "../Drivers/STM32F4xx_HAL_Driver/Src/stm32f4xx_hal_usart.c" -mcpu=cortex-m4 -std=gnu11 -g3 -DUSE_HAL_DRIVER -DSTM32F411xE -c -I"D:/Codes/Embedded Programming/Tutorials/HAL_API/5_ADC_SingleConversion/Drivers/CMSIS/Device/ST/STM32F4xx/Include" -I"D:/Codes/Embedded Programming/Tutorials/HAL_API/5_ADC_SingleConversion/Drivers/CMSIS/Include" -I"D:/Codes/Embedded Programming/Tutorials/HAL_API/5_ADC_SingleConversion/Drivers/STM32F4xx_HAL_Driver/Inc" -I"D:/Codes/Embedded Programming/Tutorials/HAL_API/5_ADC_SingleConversion/Inc" -O0 -ffunction-sections -fdata-sections -Wall -fstack-usage -MMD -MP -MF"Drivers/STM32F4xx_HAL_Driver/Src/stm32f4xx_hal_usart.d" -MT"Drivers/STM32F4xx_HAL_Driver/Src/stm32f4xx_hal_usart.o" --specs=nano.specs -mfpu=fpv4-sp-d16 -mfloat-abi=hard -mthumb -o "Drivers/STM32F4xx_HAL_Driver/Src/stm32f4xx_hal_usart.o"
arm-none-eabi-gcc -o "5_ADC_SingleConversion.elf" @"objects.list"   -mcpu=cortex-m4 -T"D:\Codes\Embedded Programming\Tutorials\HAL_API\5_ADC_SingleConversion\STM32F411RETX_FLASH.ld" --specs=nosys.specs -Wl,-Map="5_ADC_SingleConversion.map" -Wl,--gc-sections -static --specs=nano.specs -mfpu=fpv4-sp-d16 -mfloat-abi=hard -mthumb -Wl,--start-group -lc -lm -Wl,--end-group
Finished building target: 5_ADC_SingleConversion.elf
 
arm-none-eabi-size   5_ADC_SingleConversion.elf 
arm-none-eabi-objdump -h -S  5_ADC_SingleConversion.elf  > "5_ADC_SingleConversion.list"
   text	   data	    bss	    dec	    hex	filename
  13144	    120	   1728	  14992	   3a90	5_ADC_SingleConversion.elf
Finished building: default.size.stdout
 
Finished building: 5_ADC_SingleConversion.list
 
16:15:01 **** Incremental Build of configuration Debug for project 5_ADC_SingleConversion ****
make -j8 all 
arm-none-eabi-size   5_ADC_SingleConversion.elf 
   text	   data	    bss	    dec	    hex	filename
  13144	    120	   1728	  14992	   3a90	5_ADC_SingleConversion.elf
Finished building: default.size.stdout
 
16:16:12 **** Incremental Build of configuration Debug for project 5_ADC_SingleConversion ****
make -j8 all 
arm-none-eabi-gcc "../Src/main.c" -mcpu=cortex-m4 -std=gnu11 -g3 -DUSE_HAL_DRIVER -DSTM32F411xE -c -I"D:/Codes/Embedded Programming/Tutorials/HAL_API/5_ADC_SingleConversion/Drivers/CMSIS/Device/ST/STM32F4xx/Include" -I"D:/Codes/Embedded Programming/Tutorials/HAL_API/5_ADC_SingleConversion/Drivers/CMSIS/Include" -I"D:/Codes/Embedded Programming/Tutorials/HAL_API/5_ADC_SingleConversion/Drivers/STM32F4xx_HAL_Driver/Inc" -I"D:/Codes/Embedded Programming/Tutorials/HAL_API/5_ADC_SingleConversion/Inc" -O0 -ffunction-sections -fdata-sections -Wall -fstack-usage -MMD -MP -MF"Src/main.d" -MT"Src/main.o" --specs=nano.specs -mfpu=fpv4-sp-d16 -mfloat-abi=hard -mthumb -o "Src/main.o"
../Src/main.c: In function 'main':
../Src/main.c:29:26: warning: format '%d' expects argument of type 'int', but argument 2 has type 'uint32_t' {aka 'long unsigned int'} [-Wformat=]
   29 |   printf("Sensor Value: %d\n", sensorValue);
      |                         ~^     ~~~~~~~~~~~
      |                          |     |
      |                          int   uint32_t {aka long unsigned int}
      |                         %ld
arm-none-eabi-gcc -o "5_ADC_SingleConversion.elf" @"objects.list"   -mcpu=cortex-m4 -T"D:\Codes\Embedded Programming\Tutorials\HAL_API\5_ADC_SingleConversion\STM32F411RETX_FLASH.ld" --specs=nosys.specs -Wl,-Map="5_ADC_SingleConversion.map" -Wl,--gc-sections -static --specs=nano.specs -mfpu=fpv4-sp-d16 -mfloat-abi=hard -mthumb -Wl,--start-group -lc -lm -Wl,--end-group
Finished building target: 5_ADC_SingleConversion.elf
 
arm-none-eabi-size   5_ADC_SingleConversion.elf 
arm-none-eabi-objdump -h -S  5_ADC_SingleConversion.elf  > "5_ADC_SingleConversion.list"
   text	   data	    bss	    dec	    hex	filename
  13144	    120	   1728	  14992	   3a90	5_ADC_SingleConversion.elf
Finished building: default.size.stdout
 
Finished building: 5_ADC_SingleConversion.list
 
16:17:15 **** Incremental Build of configuration Debug for project 5_ADC_SingleConversion ****
make -j8 all 
arm-none-eabi-gcc "../Src/main.c" -mcpu=cortex-m4 -std=gnu11 -g3 -DUSE_HAL_DRIVER -DSTM32F411xE -c -I"D:/Codes/Embedded Programming/Tutorials/HAL_API/5_ADC_SingleConversion/Drivers/CMSIS/Device/ST/STM32F4xx/Include" -I"D:/Codes/Embedded Programming/Tutorials/HAL_API/5_ADC_SingleConversion/Drivers/CMSIS/Include" -I"D:/Codes/Embedded Programming/Tutorials/HAL_API/5_ADC_SingleConversion/Drivers/STM32F4xx_HAL_Driver/Inc" -I"D:/Codes/Embedded Programming/Tutorials/HAL_API/5_ADC_SingleConversion/Inc" -O0 -ffunction-sections -fdata-sections -Wall -fstack-usage -MMD -MP -MF"Src/main.d" -MT"Src/main.o" --specs=nano.specs -mfpu=fpv4-sp-d16 -mfloat-abi=hard -mthumb -o "Src/main.o"
../Src/main.c: In function 'main':
../Src/main.c:29:26: warning: format '%d' expects argument of type 'int', but argument 2 has type 'uint32_t' {aka 'long unsigned int'} [-Wformat=]
   29 |   printf("Sensor Value: %d\r\n", sensorValue);
      |                         ~^       ~~~~~~~~~~~
      |                          |       |
      |                          int     uint32_t {aka long unsigned int}
      |                         %ld
arm-none-eabi-gcc -o "5_ADC_SingleConversion.elf" @"objects.list"   -mcpu=cortex-m4 -T"D:\Codes\Embedded Programming\Tutorials\HAL_API\5_ADC_SingleConversion\STM32F411RETX_FLASH.ld" --specs=nosys.specs -Wl,-Map="5_ADC_SingleConversion.map" -Wl,--gc-sections -static --specs=nano.specs -mfpu=fpv4-sp-d16 -mfloat-abi=hard -mthumb -Wl,--start-group -lc -lm -Wl,--end-group
Finished building target: 5_ADC_SingleConversion.elf
 
arm-none-eabi-size   5_ADC_SingleConversion.elf 
arm-none-eabi-objdump -h -S  5_ADC_SingleConversion.elf  > "5_ADC_SingleConversion.list"
   text	   data	    bss	    dec	    hex	filename
  13144	    120	   1728	  14992	   3a90	5_ADC_SingleConversion.elf
Finished building: default.size.stdout
 
Finished building: 5_ADC_SingleConversion.list
 
