../Src/LCD1602A.c:16:6:LCD1602A_Config	32	static
../Src/LCD1602A.c:55:6:LCD1602A_clear_display	8	static
../Src/LCD1602A.c:62:6:LCD1602A_display_return_home	8	static
../Src/LCD1602A.c:68:6:LCD_1602A_Init	8	static
../Src/LCD1602A.c:99:6:LCD1602A_send_command	16	static
../Src/LCD1602A.c:116:6:LCD1602A_send_char	16	static
../Src/LCD1602A.c:128:6:LCD1602A_print_string	16	static
../Src/LCD1602A.c:137:6:LCD1602A_set_cursor	16	static
../Src/LCD1602A.c:156:13:LCD1602A_LCD_Send_Cmd	16	static
../Src/LCD1602A.c:166:13:LCD1602A_Enable	8	static
../Src/LCD1602A.c:175:13:udelay	24	static
