../Core/Src/main.c:98:5:main	48	static
../Core/Src/main.c:181:6:SystemClock_Config	88	static
../Core/Src/main.c:223:13:MX_I2C1_Init	8	static
../Core/Src/main.c:257:13:MX_I2C2_Init	8	static
../Core/Src/main.c:291:13:MX_I2C3_Init	8	static
../Core/Src/main.c:325:13:MX_USART1_UART_Init	8	static
../Core/Src/main.c:358:13:MX_GPIO_Init	24	static
../Core/Src/main.c:369:7:swap	24	static
../Core/Src/main.c:376:6:sort_array	24	static
../Core/Src/main.c:386:8:filter_sensor_value	40	static
../Core/Src/main.c:407:6:Error_Handler	4	static,ignoring_inline_asm
